<html>
<body>
<pre>
<h1>礦ision Build Log</h1>
<h2>Tool Versions:</h2>
IDE-Version: μVision V5.21.1.0
Copyright (C) 2016 ARM Ltd and ARM Germany GmbH. All rights reserved.
License Information: ll,  , LIC=----
 
Tool Versions:
Toolchain:       MDK-Lite  Version: 5.21a
Toolchain Path:  D:\programfile\KEIL5\ARM\ARMCC\Bin
C Compiler:      Armcc.exe V5.06 update 3 (build 300)
Assembler:       Armasm.exe V5.06 update 3 (build 300)
Linker/Locator:  ArmLink.exe V5.06 update 3 (build 300)
Library Manager: ArmAr.exe V5.06 update 3 (build 300)
Hex Converter:   FromElf.exe V5.06 update 3 (build 300)
CPU DLL:         SARMCM3.DLL V5.21a
Dialog DLL:      DCM.DLL V1.13.8.0
Target DLL:      Segger\JL2CM3.dll V2.99.23.0
Dialog DLL:      TCM.DLL V1.14.14.0
 
<h2>Project:</h2>
E:\研究生阶段\6LowPan边缘网关\软件 -收\ZhuangJi.uvprojx
Project File Date:  10/22/2021

<h2>Output:</h2>
*** Using Compiler 'V5.06 update 3 (build 300)', folder: 'D:\programfile\KEIL5\ARM\ARMCC\Bin'
Build target 'ZhuangJi'
compiling stm32f4xx_it.c...
compiling main.c...
USER\main.c(35): warning:  #177-D: variable "canbuf" was declared but never referenced
  	u8 canbuf[8];
USER\main.c: 1 warning, 0 errors
compiling system_stm32f4xx.c...
compiling can.c...
compiling sys.c...
compiling delay.c...
assembling startup_stm32f40_41xxx.s...
compiling misc.c...
compiling usart.c...
compiling stm32f4xx_gpio.c...
compiling stm32f4xx_syscfg.c...
compiling stm32f4xx_rcc.c...
compiling stm32f4xx_usart.c...
compiling stm32f4xx_can.c...
compiling stm32f4xx_spi.c...
linking...
Program Size: Code=2900 RO-data=424 RW-data=28 ZI-data=1836  
FromELF: creating hex file...
".\Objects\ZhuangJi.axf" - 0 Error(s), 1 Warning(s).

<h2>Collection of Component include folders:</h2>
  E:\研究生阶段\6LowPan边缘网关\软件 -收\RTE
  D:\programfile\KEIL5\ARM\PACK\Keil\STM32F4xx_DFP\1.0.8\Device\Include

<h2>Collection of Component Files used:</h2>
Build Time Elapsed:  00:00:10
</pre>
</body>
</html>
