Component: ARM Compiler 5.06 update 3 (build 300) Tool: armlink [4d35c9]

==============================================================================

Section Cross References

    main.o(i.LED_Init) refers to stm32f4xx_rcc.o(i.RCC_AHB1PeriphClockCmd) for RCC_AHB1PeriphClockCmd
    main.o(i.LED_Init) refers to stm32f4xx_gpio.o(i.GPIO_Init) for GPIO_Init
    main.o(i.LED_Init) refers to stm32f4xx_gpio.o(i.GPIO_SetBits) for GPIO_SetBits
    main.o(i.assert_failed) refers to _printf_percent.o(.ARM.Collect$$_printf_percent$$00000000) for _printf_percent
    main.o(i.assert_failed) refers to _printf_d.o(.ARM.Collect$$_printf_percent$$00000009) for _printf_d
    main.o(i.assert_failed) refers to _printf_s.o(.ARM.Collect$$_printf_percent$$00000014) for _printf_s
    main.o(i.assert_failed) refers to _printf_dec.o(.text) for _printf_int_dec
    main.o(i.assert_failed) refers to _printf_str.o(.text) for _printf_str
    main.o(i.assert_failed) refers to noretval__2printf.o(.text) for __2printf
    main.o(i.float_task) refers to _printf_percent.o(.ARM.Collect$$_printf_percent$$00000000) for _printf_percent
    main.o(i.float_task) refers to _printf_f.o(.ARM.Collect$$_printf_percent$$00000003) for _printf_f
    main.o(i.float_task) refers to printf1.o(x$fpl$printf1) for _printf_fp_dec
    main.o(i.float_task) refers to f2d.o(x$fpl$f2d) for __aeabi_f2d
    main.o(i.float_task) refers to noretval__2printf.o(.text) for __2printf
    main.o(i.float_task) refers to tasks.o(i.vTaskDelay) for vTaskDelay
    main.o(i.float_task) refers to main.o(.data) for float_num
    main.o(i.led0_task) refers to tasks.o(i.vTaskDelay) for vTaskDelay
    main.o(i.led1_task) refers to tasks.o(i.vTaskDelay) for vTaskDelay
    main.o(i.main) refers to misc.o(i.NVIC_PriorityGroupConfig) for NVIC_PriorityGroupConfig
    main.o(i.main) refers to delay.o(i.delay_init) for delay_init
    main.o(i.main) refers to usart.o(i.uart2_init) for uart2_init
    main.o(i.main) refers to main.o(i.LED_Init) for LED_Init
    main.o(i.main) refers to tasks.o(i.xTaskCreate) for xTaskCreate
    main.o(i.main) refers to tasks.o(i.vTaskStartScheduler) for vTaskStartScheduler
    main.o(i.main) refers to main.o(.data) for StartTask_Handler
    main.o(i.main) refers to main.o(i.start_task) for start_task
    main.o(i.start_task) refers to port.o(i.vPortEnterCritical) for vPortEnterCritical
    main.o(i.start_task) refers to tasks.o(i.xTaskCreate) for xTaskCreate
    main.o(i.start_task) refers to tasks.o(i.vTaskDelete) for vTaskDelete
    main.o(i.start_task) refers to port.o(i.vPortExitCritical) for vPortExitCritical
    main.o(i.start_task) refers to main.o(.data) for LED0Task_Handler
    main.o(i.start_task) refers to main.o(i.led0_task) for led0_task
    main.o(i.start_task) refers to main.o(i.led1_task) for led1_task
    main.o(i.start_task) refers to main.o(i.float_task) for float_task
    system_stm32f4xx.o(i.SystemCoreClockUpdate) refers to system_stm32f4xx.o(.data) for SystemCoreClock
    system_stm32f4xx.o(i.SystemInit) refers to system_stm32f4xx.o(i.SetSysClock) for SetSysClock
    can.o(i.CAN1_Mode_Init) refers to stm32f4xx_rcc.o(i.RCC_AHB1PeriphClockCmd) for RCC_AHB1PeriphClockCmd
    can.o(i.CAN1_Mode_Init) refers to stm32f4xx_rcc.o(i.RCC_APB1PeriphClockCmd) for RCC_APB1PeriphClockCmd
    can.o(i.CAN1_Mode_Init) refers to stm32f4xx_gpio.o(i.GPIO_Init) for GPIO_Init
    can.o(i.CAN1_Mode_Init) refers to stm32f4xx_gpio.o(i.GPIO_PinAFConfig) for GPIO_PinAFConfig
    can.o(i.CAN1_Mode_Init) refers to stm32f4xx_can.o(i.CAN_Init) for CAN_Init
    can.o(i.CAN1_Mode_Init) refers to stm32f4xx_can.o(i.CAN_FilterInit) for CAN_FilterInit
    can.o(i.CAN1_Mode_Init) refers to can.o(INER_RAM2) for canrx
    can.o(i.CAN1_Mode_Init) refers to can.o(.bss) for canrx2
    can.o(i.CAN1_Receive_Msg) refers to stm32f4xx_can.o(i.CAN_MessagePending) for CAN_MessagePending
    can.o(i.CAN1_Receive_Msg) refers to stm32f4xx_can.o(i.CAN_Receive) for CAN_Receive
    can.o(i.CAN1_Send_Msg) refers to stm32f4xx_can.o(i.CAN_Transmit) for CAN_Transmit
    can.o(i.CAN1_Send_Msg) refers to stm32f4xx_can.o(i.CAN_TransmitStatus) for CAN_TransmitStatus
    delay.o(i.SysTick_Handler) refers to tasks.o(i.xTaskGetSchedulerState) for xTaskGetSchedulerState
    delay.o(i.SysTick_Handler) refers to port.o(i.xPortSysTickHandler) for xPortSysTickHandler
    delay.o(i.delay_init) refers to misc.o(i.SysTick_CLKSourceConfig) for SysTick_CLKSourceConfig
    delay.o(i.delay_init) refers to delay.o(.data) for fac_us
    delay.o(i.delay_ms) refers to tasks.o(i.xTaskGetSchedulerState) for xTaskGetSchedulerState
    delay.o(i.delay_ms) refers to tasks.o(i.vTaskDelay) for vTaskDelay
    delay.o(i.delay_ms) refers to delay.o(i.delay_us) for delay_us
    delay.o(i.delay_ms) refers to delay.o(.data) for fac_ms
    delay.o(i.delay_us) refers to delay.o(.data) for fac_us
    delay.o(i.delay_xms) refers to delay.o(i.delay_us) for delay_us
[...]
    .ARM.Collect$$libinit$$0000001D          0x20000228   Section        0  libinit2.o(.ARM.Collect$$libinit$$0000001D)
    .ARM.Collect$$libinit$$0000001F          0x20000228   Section        0  libinit2.o(.ARM.Collect$$libinit$$0000001F)
    .ARM.Collect$$libinit$$00000021          0x20000228   Section        0  libinit2.o(.ARM.Collect$$libinit$$00000021)
    .ARM.Collect$$libinit$$00000023          0x20000228   Section        0  libinit2.o(.ARM.Collect$$libinit$$00000023)
    .ARM.Collect$$libinit$$00000025          0x20000228   Section        0  libinit2.o(.ARM.Collect$$libinit$$00000025)
    .ARM.Collect$$libinit$$0000002C          0x20000228   Section        0  libinit2.o(.ARM.Collect$$libinit$$0000002C)
    .ARM.Collect$$libinit$$0000002E          0x20000228   Section        0  libinit2.o(.ARM.Collect$$libinit$$0000002E)
    .ARM.Collect$$libinit$$00000030          0x20000228   Section        0  libinit2.o(.ARM.Collect$$libinit$$00000030)
    .ARM.Collect$$libinit$$00000032          0x20000228   Section        0  libinit2.o(.ARM.Collect$$libinit$$00000032)
    .ARM.Collect$$libinit$$00000033          0x20000228   Section        2  libinit2.o(.ARM.Collect$$libinit$$00000033)
    .ARM.Collect$$libshutdown$$00000000      0x2000022a   Section        2  libshutdown.o(.ARM.Collect$$libshutdown$$00000000)
    .ARM.Collect$$libshutdown$$00000002      0x2000022c   Section        0  libshutdown2.o(.ARM.Collect$$libshutdown$$00000002)
    .ARM.Collect$$libshutdown$$00000004      0x2000022c   Section        0  libshutdown2.o(.ARM.Collect$$libshutdown$$00000004)
    .ARM.Collect$$libshutdown$$00000007      0x2000022c   Section        0  libshutdown2.o(.ARM.Collect$$libshutdown$$00000007)
    .ARM.Collect$$libshutdown$$0000000A      0x2000022c   Section        0  libshutdown2.o(.ARM.Collect$$libshutdown$$0000000A)
    .ARM.Collect$$libshutdown$$0000000C      0x2000022c   Section        0  libshutdown2.o(.ARM.Collect$$libshutdown$$0000000C)
    .ARM.Collect$$libshutdown$$0000000F      0x2000022c   Section        0  libshutdown2.o(.ARM.Collect$$libshutdown$$0000000F)
    .ARM.Collect$$libshutdown$$00000010      0x2000022c   Section        2  libshutdown2.o(.ARM.Collect$$libshutdown$$00000010)
    .ARM.Collect$$rtentry$$00000000          0x2000022e   Section        0  __rtentry.o(.ARM.Collect$$rtentry$$00000000)
    .ARM.Collect$$rtentry$$00000002          0x2000022e   Section        0  __rtentry2.o(.ARM.Collect$$rtentry$$00000002)
    .ARM.Collect$$rtentry$$00000004          0x2000022e   Section        6  __rtentry4.o(.ARM.Collect$$rtentry$$00000004)
    .ARM.Collect$$rtentry$$00000009          0x20000234   Section        0  __rtentry2.o(.ARM.Collect$$rtentry$$00000009)
    .ARM.Collect$$rtentry$$0000000A          0x20000234   Section        4  __rtentry2.o(.ARM.Collect$$rtentry$$0000000A)
    .ARM.Collect$$rtentry$$0000000C          0x20000238   Section        0  __rtentry2.o(.ARM.Collect$$rtentry$$0000000C)
    .ARM.Collect$$rtentry$$0000000D          0x20000238   Section        8  __rtentry2.o(.ARM.Collect$$rtentry$$0000000D)
    .ARM.Collect$$rtexit$$00000000           0x20000240   Section        2  rtexit.o(.ARM.Collect$$rtexit$$00000000)
    .ARM.Collect$$rtexit$$00000002           0x20000242   Section        0  rtexit2.o(.ARM.Collect$$rtexit$$00000002)
    .ARM.Collect$$rtexit$$00000003           0x20000242   Section        4  rtexit2.o(.ARM.Collect$$rtexit$$00000003)
    .ARM.Collect$$rtexit$$00000004           0x20000246   Section        6  rtexit2.o(.ARM.Collect$$rtexit$$00000004)
    .emb_text                                0x2000024c   Section      190  port.o(.emb_text)
    $v0                                      0x2000024c   Number         0  port.o(.emb_text)
    .text                                    0x2000030c   Section       64  startup_stm32f40_41xxx.o(.text)
    $v0                                      0x2000030c   Number         0  startup_stm32f40_41xxx.o(.text)
    .text                                    0x2000034c   Section        2  use_no_semi_2.o(.text)
    .text                                    0x20000350   Section        0  noretval__2printf.o(.text)
    .text                                    0x20000368   Section        0  _printf_str.o(.text)
    .text                                    0x200003bc   Section        0  _printf_dec.o(.text)
    .text                                    0x20000434   Section        0  __printf_wp.o(.text)
    .text                                    0x20000542   Section      138  rt_memcpy_v6.o(.text)
    .text                                    0x200005cc   Section       16  aeabi_memset.o(.text)
    .text                                    0x200005dc   Section       78  rt_memclr_w.o(.text)
    .text                                    0x2000062a   Section        0  heapauxi.o(.text)
    .text                                    0x20000630   Section        2  use_no_semi.o(.text)
    .text                                    0x20000632   Section        0  _printf_intcommon.o(.text)
    .text                                    0x200006e4   Section        0  _printf_fp_dec.o(.text)
    _fp_digits                               0x200006e7   Thumb Code   428  _printf_fp_dec.o(.text)
    .text                                    0x20000afe   Section        0  _printf_char.o(.text)
    .text                                    0x20000b2c   Section        0  _printf_char_file.o(.text)
    .text                                    0x20000b50   Section      100  rt_memcpy_w.o(.text)
    .text                                    0x20000bb4   Section       68  rt_memclr.o(.text)
    .text                                    0x20000bf8   Section        8  rt_locale_intlibspace.o(.text)
    .text                                    0x20000c00   Section      138  lludiv10.o(.text)
    .text                                    0x20000c8c   Section        0  _printf_char_common.o(.text)
    _printf_input_char                       0x20000c8d   Thumb Code    10  _printf_char_common.o(.text)
    .text                                    0x20000cbc   Section        0  _printf_fp_infnan.o(.text)
    .text                                    0x20000d3c   Section        0  bigflt0.o(.text)
    .text                                    0x20000e18   Section        0  ferror.o(.text)
    .text                                    0x20000e20   Section        8  libspace.o(.text)
    .text                                    0x20000e28   Section       74  sys_stackheap_outer.o(.text)
    .text                                    0x20000e72   Section        0  exit.o(.text)
    .text                                    0x20000e84   Section      128  strcmpv7m.o(.text)
    CL$$btod_d2e                             0x20000f04   Section       62  btod.o(CL$$btod_d2e)
    CL$$btod_d2e_denorm_low                  0x20000f42   Section       70  btod.o(CL$$btod_d2e_denorm_low)
    CL$$btod_d2e_norm_op1                    0x20000f88   Section       96  btod.o(CL$$btod_d2e_norm_op1)
    CL$$btod_div_common                      0x20000fe8   Section      824  btod.o(CL$$btod_div_common)
    CL$$btod_e2e                             0x20001320   Section      198  btod.o(CL$$btod_e2e)
    CL$$btod_ediv                            0x200013e6   Section       40  btod.o(CL$$btod_ediv)
    CL$$btod_emul                            0x2000140e   Section       40  btod.o(CL$$btod_emul)
    CL$$btod_mult_common                     0x20001436   Section      580  btod.o(CL$$btod_mult_common)
    i.BusFault_Handler                       0x2000167a   Section        0  stm32f4xx_it.o(i.BusFault_Handler)
    i.DebugMon_Handler                       0x2000167e   Section        0  stm32f4xx_it.o(i.DebugMon_Handler)
    i.GPIO_Init                              0x20001680   Section        0  stm32f4xx_gpio.o(i.GPIO_Init)
    i.GPIO_PinAFConfig                       0x20001828   Section        0  stm32f4xx_gpio.o(i.GPIO_PinAFConfig)
    i.GPIO_SetBits                           0x200019d0   Section        0  stm32f4xx_gpio.o(i.GPIO_SetBits)
    i.HardFault_Handler                      0x20001a80   Section        0  stm32f4xx_it.o(i.HardFault_Handler)
    i.LED_Init                               0x20001a84   Section        0  main.o(i.LED_Init)
    i.MemManage_Handler                      0x20001ac4   Section        0  stm32f4xx_it.o(i.MemManage_Handler)
    i.NMI_Handler                            0x20001ac8   Section        0  stm32f4xx_it.o(i.NMI_Handler)
    i.NVIC_Init                              0x20001acc   Section        0  misc.o(i.NVIC_Init)
    i.NVIC_PriorityGroupConfig               0x20001b90   Section        0  misc.o(i.NVIC_PriorityGroupConfig)
    i.RCC_AHB1PeriphClockCmd                 0x20001be4   Section        0  stm32f4xx_rcc.o(i.RCC_AHB1PeriphClockCmd)
    i.RCC_APB1PeriphClockCmd                 0x20001c50   Section        0  stm32f4xx_rcc.o(i.RCC_APB1PeriphClockCmd)
    i.RCC_GetClocksFreq                      0x20001cbc   Section        0  stm32f4xx_rcc.o(i.RCC_GetClocksFreq)
    i.SetSysClock                            0x20001da4   Section        0  system_stm32f4xx.o(i.SetSysClock)
    SetSysClock                              0x20001da5   Thumb Code   220  system_stm32f4xx.o(i.SetSysClock)
    i.SysTick_CLKSourceConfig                0x20001e90   Section        0  misc.o(i.SysTick_CLKSourceConfig)
    i.SysTick_Handler                        0x20001ee4   Section        0  delay.o(i.SysTick_Handler)
    i.SystemInit                             0x20001ef4   Section        0  system_stm32f4xx.o(i.SystemInit)
    i.USART2_IRQHandler                      0x20001f5c   Section        0  usart.o(i.USART2_IRQHandler)
    i.USART_Cmd                              0x20001fe4   Section        0  stm32f4xx_usart.o(i.USART_Cmd)
    i.USART_GetITStatus                      0x2000208c   Section        0  stm32f4xx_usart.o(i.USART_GetITStatus)
    i.USART_ITConfig                         0x200021ec   Section        0  stm32f4xx_usart.o(i.USART_ITConfig)
    i.USART_Init                             0x20002338   Section        0  stm32f4xx_usart.o(i.USART_Init)
    i.USART_ReceiveData                      0x20002558   Section        0  stm32f4xx_usart.o(i.USART_ReceiveData)
    i.UsageFault_Handler                     0x200025dc   Section        0  stm32f4xx_it.o(i.UsageFault_Handler)
    i.__ARM_fpclassify                       0x200025e0   Section        0  fpclassify.o(i.__ARM_fpclassify)
    i._is_digit                              0x20002610   Section        0  __printf_wp.o(i._is_digit)
    i._sys_exit                              0x2000261e   Section        0  usart.o(i._sys_exit)
    i.assert_failed                          0x20002624   Section        0  main.o(i.assert_failed)
    i.delay_init                             0x20002660   Section        0  delay.o(i.delay_init)
    i.float_task                             0x200026a4   Section        0  main.o(i.float_task)
    i.fputc                                  0x200026fc   Section        0  usart.o(i.fputc)
    i.led0_task                              0x20002718   Section        0  main.o(i.led0_task)
    i.led1_task                              0x20002738   Section        0  main.o(i.led1_task)
    i.main                                   0x20002760   Section        0  main.o(i.main)
    i.prvAddCurrentTaskToDelayedList         0x200027ac   Section        0  tasks.o(i.prvAddCurrentTaskToDelayedList)
    prvAddCurrentTaskToDelayedList           0x200027ad   Thumb Code   124  tasks.o(i.prvAddCurrentTaskToDelayedList)
    i.prvAddNewTaskToReadyList               0x20002844   Section        0  tasks.o(i.prvAddNewTaskToReadyList)
    prvAddNewTaskToReadyList                 0x20002845   Thumb Code   156  tasks.o(i.prvAddNewTaskToReadyList)
    i.prvCheckForValidListAndQueue           0x200028fc   Section        0  timers.o(i.prvCheckForValidListAndQueue)
    prvCheckForValidListAndQueue             0x200028fd   Thumb Code    72  timers.o(i.prvCheckForValidListAndQueue)
    i.prvCheckTasksWaitingTermination        0x20002960   Section        0  tasks.o(i.prvCheckTasksWaitingTermination)
    prvCheckTasksWaitingTermination          0x20002961   Thumb Code    60  tasks.o(i.prvCheckTasksWaitingTermination)
    i.prvCopyDataFromQueue                   0x200029a8   Section        0  queue.o(i.prvCopyDataFromQueue)
    prvCopyDataFromQueue                     0x200029a9   Thumb Code    42  queue.o(i.prvCopyDataFromQueue)
    i.prvCopyDataToQueue                     0x200029d2   Section        0  queue.o(i.prvCopyDataToQueue)
    prvCopyDataToQueue                       0x200029d3   Thumb Code   126  queue.o(i.prvCopyDataToQueue)
    i.prvDeleteTCB                           0x20002a50   Section        0  tasks.o(i.prvDeleteTCB)
    prvDeleteTCB                             0x20002a51   Thumb Code    18  tasks.o(i.prvDeleteTCB)
    i.prvGetNextExpireTime                   0x20002a64   Section        0  timers.o(i.prvGetNextExpireTime)
    prvGetNextExpireTime                     0x20002a65   Thumb Code    36  timers.o(i.prvGetNextExpireTime)
    i.prvHeapInit                            0x20002a8c   Section        0  heap_4.o(i.prvHeapInit)
    prvHeapInit                              0x20002a8d   Thumb Code    98  heap_4.o(i.prvHeapInit)
    i.prvIdleTask                            0x20002b08   Section        0  tasks.o(i.prvIdleTask)
    prvIdleTask                              0x20002b09   Thumb Code    32  tasks.o(i.prvIdleTask)
    i.prvInitialiseNewQueue                  0x20002b30   Section        0  queue.o(i.prvInitialiseNewQueue)
    prvInitialiseNewQueue                    0x20002b31   Thumb Code    46  queue.o(i.prvInitialiseNewQueue)
    i.prvInitialiseNewTask                   0x20002b5e   Section        0  tasks.o(i.prvInitialiseNewTask)
    prvInitialiseNewTask                     0x20002b5f   Thumb Code   190  tasks.o(i.prvInitialiseNewTask)
    i.prvInitialiseTaskLists                 0x20002c1c   Section        0  tasks.o(i.prvInitialiseTaskLists)
    prvInitialiseTaskLists                   0x20002c1d   Thumb Code    70  tasks.o(i.prvInitialiseTaskLists)
    i.prvInsertBlockIntoFreeList             0x20002c84   Section        0  heap_4.o(i.prvInsertBlockIntoFreeList)
    prvInsertBlockIntoFreeList               0x20002c85   Thumb Code    96  heap_4.o(i.prvInsertBlockIntoFreeList)
    i.prvInsertTimerInActiveList             0x20002cec   Section        0  timers.o(i.prvInsertTimerInActiveList)
    prvInsertTimerInActiveList               0x20002ced   Thumb Code    80  timers.o(i.prvInsertTimerInActiveList)
    i.prvIsQueueEmpty                        0x20002d44   Section        0  queue.o(i.prvIsQueueEmpty)
    prvIsQueueEmpty                          0x20002d45   Thumb Code    26  queue.o(i.prvIsQueueEmpty)
    i.prvIsQueueFull                         0x20002d5e   Section        0  queue.o(i.prvIsQueueFull)
    prvIsQueueFull                           0x20002d5f   Thumb Code    30  queue.o(i.prvIsQueueFull)
    i.prvNotifyQueueSetContainer             0x20002d7c   Section        0  queue.o(i.prvNotifyQueueSetContainer)
    prvNotifyQueueSetContainer               0x20002d7d   Thumb Code   172  queue.o(i.prvNotifyQueueSetContainer)
    i.prvProcessExpiredTimer                 0x20002e28   Section        0  timers.o(i.prvProcessExpiredTimer)
    prvProcessExpiredTimer                   0x20002e29   Thumb Code   110  timers.o(i.prvProcessExpiredTimer)
    i.prvProcessReceivedCommands             0x20002e9c   Section        0  timers.o(i.prvProcessReceivedCommands)
    prvProcessReceivedCommands               0x20002e9d   Thumb Code   308  timers.o(i.prvProcessReceivedCommands)
    i.prvProcessTimerOrBlockTask             0x20002fd4   Section        0  timers.o(i.prvProcessTimerOrBlockTask)
    prvProcessTimerOrBlockTask               0x20002fd5   Thumb Code   102  timers.o(i.prvProcessTimerOrBlockTask)
    i.prvResetNextTaskUnblockTime            0x20003048   Section        0  tasks.o(i.prvResetNextTaskUnblockTime)
    prvResetNextTaskUnblockTime              0x20003049   Thumb Code    40  tasks.o(i.prvResetNextTaskUnblockTime)
    i.prvSampleTimeNow                       0x20003078   Section        0  timers.o(i.prvSampleTimeNow)
    prvSampleTimeNow                         0x20003079   Thumb Code    40  timers.o(i.prvSampleTimeNow)
    i.prvSwitchTimerLists                    0x200030a4   Section        0  timers.o(i.prvSwitchTimerLists)
    prvSwitchTimerLists                      0x200030a5   Thumb Code   154  timers.o(i.prvSwitchTimerLists)
    i.prvTaskExitError                       0x20003148   Section        0  port.o(i.prvTaskExitError)
    prvTaskExitError                         0x20003149   Thumb Code    60  port.o(i.prvTaskExitError)
    i.prvTimerTask                           0x20003188   Section        0  timers.o(i.prvTimerTask)
    prvTimerTask                             0x20003189   Thumb Code    26  timers.o(i.prvTimerTask)
    i.prvUnlockQueue                         0x200031a2   Section        0  queue.o(i.prvUnlockQueue)
    prvUnlockQueue                           0x200031a3   Thumb Code   144  queue.o(i.prvUnlockQueue)
    i.pvPortMalloc                           0x20003234   Section        0  heap_4.o(i.pvPortMalloc)
    i.pxPortInitialiseStack                  0x200033a0   Section        0  port.o(i.pxPortInitialiseStack)
    i.start_task                             0x200033cc   Section        0  main.o(i.start_task)
    i.uart2_init                             0x20003460   Section        0  usart.o(i.uart2_init)
    i.uxListRemove                           0x2000350c   Section        0  list.o(i.uxListRemove)
    i.vListInitialise                        0x20003534   Section        0  list.o(i.vListInitialise)
    i.vListInitialiseItem                    0x2000354e   Section        0  list.o(i.vListInitialiseItem)
    i.vListInsert                            0x20003554   Section        0  list.o(i.vListInsert)
    i.vListInsertEnd                         0x20003588   Section        0  list.o(i.vListInsertEnd)
    i.vPortEnterCritical                     0x200035a0   Section        0  port.o(i.vPortEnterCritical)
    i.vPortExitCritical                      0x200035f4   Section        0  port.o(i.vPortExitCritical)
    i.vPortFree                              0x20003630   Section        0  heap_4.o(i.vPortFree)
    i.vPortSetupTimerInterrupt               0x200036d4   Section        0  port.o(i.vPortSetupTimerInterrupt)
    i.vPortValidateInterruptPriority         0x200036fc   Section        0  port.o(i.vPortValidateInterruptPriority)
    i.vQueueAddToRegistry                    0x20003774   Section        0  queue.o(i.vQueueAddToRegistry)
    i.vQueueWaitForMessageRestricted         0x200037a0   Section        0  queue.o(i.vQueueWaitForMessageRestricted)
    i.vTaskDelay                             0x200037ec   Section        0  tasks.o(i.vTaskDelay)
    i.vTaskDelete                            0x20003848   Section        0  tasks.o(i.vTaskDelete)
    i.vTaskInternalSetTimeOutState           0x20003944   Section        0  tasks.o(i.vTaskInternalSetTimeOutState)
    i.vTaskMissedYield                       0x2000395c   Section        0  tasks.o(i.vTaskMissedYield)
    i.vTaskPlaceOnEventList                  0x20003968   Section        0  tasks.o(i.vTaskPlaceOnEventList)
    i.vTaskPlaceOnEventListRestricted        0x200039a0   Section        0  tasks.o(i.vTaskPlaceOnEventListRestricted)
    i.vTaskStartScheduler                    0x200039e0   Section        0  tasks.o(i.vTaskStartScheduler)
    i.vTaskSuspendAll                        0x20003a7c   Section        0  tasks.o(i.vTaskSuspendAll)
    i.vTaskSwitchContext                     0x20003a8c   Section        0  tasks.o(i.vTaskSwitchContext)
    i.xPortStartScheduler                    0x20003b18   Section        0  port.o(i.xPortStartScheduler)
    i.xPortSysTickHandler                    0x20003c80   Section        0  port.o(i.xPortSysTickHandler)
    i.xQueueGenericCreate                    0x20003cb4   Section        0  queue.o(i.xQueueGenericCreate)
    i.xQueueGenericReset                     0x20003d58   Section        0  queue.o(i.xQueueGenericReset)
    i.xQueueGenericSend                      0x20003df0   Section        0  queue.o(i.xQueueGenericSend)
    i.xQueueGenericSendFromISR               0x20003fc8   Section        0  queue.o(i.xQueueGenericSendFromISR)
    i.xQueueReceive                          0x20004100   Section        0  queue.o(i.xQueueReceive)
    i.xTaskCheckForTimeOut                   0x20004268   Section        0  tasks.o(i.xTaskCheckForTimeOut)
    i.xTaskCreate                            0x200042f8   Section        0  tasks.o(i.xTaskCreate)
    i.xTaskGetSchedulerState                 0x20004358   Section        0  tasks.o(i.xTaskGetSchedulerState)
    i.xTaskGetTickCount                      0x20004378   Section        0  tasks.o(i.xTaskGetTickCount)
    i.xTaskIncrementTick                     0x20004384   Section        0  tasks.o(i.xTaskIncrementTick)
    i.xTaskPriorityDisinherit                0x200044cc   Section        0  tasks.o(i.xTaskPriorityDisinherit)
    i.xTaskRemoveFromEventList               0x20004588   Section        0  tasks.o(i.xTaskRemoveFromEventList)
    i.xTaskResumeAll                         0x20004620   Section        0  tasks.o(i.xTaskResumeAll)
    i.xTimerCreateTimerTask                  0x20004724   Section        0  timers.o(i.xTimerCreateTimerTask)
    i.xTimerGenericCommand                   0x2000477c   Section        0  timers.o(i.xTimerGenericCommand)
    locale$$code                             0x20004800   Section       44  lc_numeric_c.o(locale$$code)
    x$fpl$dretinf                            0x2000482c   Section       12  dretinf.o(x$fpl$dretinf)
    $v0                                      0x2000482c   Number         0  dretinf.o(x$fpl$dretinf)
    x$fpl$f2d                                0x20004838   Section       86  f2d.o(x$fpl$f2d)
    $v0                                      0x20004838   Number         0  f2d.o(x$fpl$f2d)
    x$fpl$fnaninf                            0x2000488e   Section      140  fnaninf.o(x$fpl$fnaninf)
    $v0                                      0x2000488e   Number         0  fnaninf.o(x$fpl$fnaninf)
    x$fpl$fpinit                             0x2000491a   Section       10  fpinit.o(x$fpl$fpinit)
    $v0                                      0x2000491a   Number         0  fpinit.o(x$fpl$fpinit)
    x$fpl$printf1                            0x20004924   Section        4  printf1.o(x$fpl$printf1)
    $v0                                      0x20004924   Number         0  printf1.o(x$fpl$printf1)
    .constdata                               0x20004928   Section      148  bigflt0.o(.constdata)
    x$fpl$usenofp                            0x20004928   Section        0  usenofp.o(x$fpl$usenofp)
    tenpwrs_x                                0x20004928   Data          60  bigflt0.o(.constdata)
    tenpwrs_i                                0x20004964   Data          64  bigflt0.o(.constdata)
    locale$$data                             0x200049dc   Section       28  lc_numeric_c.o(locale$$data)
    __lcnum_c_name                           0x200049e0   Data           2  lc_numeric_c.o(locale$$data)
    __lcnum_c_start                          0x200049e8   Data           0  lc_numeric_c.o(locale$$data)
    __lcnum_c_point                          0x200049f4   Data           0  lc_numeric_c.o(locale$$data)
    __lcnum_c_thousands                      0x200049f6   Data           0  lc_numeric_c.o(locale$$data)
    __lcnum_c_grouping                       0x200049f7   Data           0  lc_numeric_c.o(locale$$data)
    __lcnum_c_end                            0x200049f8   Data           0  lc_numeric_c.o(locale$$data)
    .data                                    0x20010000   Section       20  main.o(.data)
    float_num                                0x20010010   Data           4  main.o(.data)
    .data                                    0x20010014   Section       20  system_stm32f4xx.o(.data)
    .data                                    0x20010028   Section        4  delay.o(.data)
    fac_us                                   0x20010028   Data           1  delay.o(.data)
    fac_ms                                   0x2001002a   Data           2  delay.o(.data)
    .data                                    0x2001002c   Section        6  usart.o(.data)
    .data                                    0x20010032   Section       16  stm32f4xx_rcc.o(.data)
    APBAHBPrescTable                         0x20010032   Data          16  stm32f4xx_rcc.o(.data)
    .data                                    0x20010044   Section       64  tasks.o(.data)
    pxDelayedTaskList                        0x20010048   Data           4  tasks.o(.data)
    pxOverflowDelayedTaskList                0x2001004c   Data           4  tasks.o(.data)
    uxDeletedTasksWaitingCleanUp             0x20010050   Data           4  tasks.o(.data)
    uxCurrentNumberOfTasks                   0x20010054   Data           4  tasks.o(.data)
    xTickCount                               0x20010058   Data           4  tasks.o(.data)
    uxTopReadyPriority                       0x2001005c   Data           4  tasks.o(.data)
    xSchedulerRunning                        0x20010060   Data           4  tasks.o(.data)
    xPendedTicks                             0x20010064   Data           4  tasks.o(.data)
    xYieldPending                            0x20010068   Data           4  tasks.o(.data)
    xNumOfOverflows                          0x2001006c   Data           4  tasks.o(.data)
    uxTaskNumber                             0x20010070   Data           4  tasks.o(.data)
    xNextTaskUnblockTime                     0x20010074   Data           4  tasks.o(.data)
    xIdleTaskHandle                          0x20010078   Data           4  tasks.o(.data)
    uxSchedulerSuspended                     0x20010080   Data           4  tasks.o(.data)
    .data                                    0x20010084   Section       20  timers.o(.data)
    pxCurrentTimerList                       0x20010084   Data           4  timers.o(.data)
    pxOverflowTimerList                      0x20010088   Data           4  timers.o(.data)
    xTimerQueue                              0x2001008c   Data           4  timers.o(.data)
    xTimerTaskHandle                         0x20010090   Data           4  timers.o(.data)
    xLastTime                                0x20010094   Data           4  timers.o(.data)
    .data                                    0x20010098   Section       32  heap_4.o(.data)
    xStart                                   0x20010098   Data           8  heap_4.o(.data)
    pxEnd                                    0x200100a0   Data           4  heap_4.o(.data)
    xFreeBytesRemaining                      0x200100a4   Data           4  heap_4.o(.data)
    xMinimumEverFreeBytesRemaining           0x200100a8   Data           4  heap_4.o(.data)
    xNumberOfSuccessfulAllocations           0x200100ac   Data           4  heap_4.o(.data)
    xNumberOfSuccessfulFrees                 0x200100b0   Data           4  heap_4.o(.data)
    xBlockAllocatedBit                       0x200100b4   Data           4  heap_4.o(.data)
    .data                                    0x200100b8   Section       12  port.o(.data)
    uxCriticalNesting                        0x200100b8   Data           4  port.o(.data)
    ucMaxSysCallPriority                     0x200100bc   Data           1  port.o(.data)
    ulMaxPRIGROUPValue                       0x200100c0   Data           4  port.o(.data)
    .bss                                     0x200100c4   Section      200  usart.o(.bss)
    .bss                                     0x2001018c   Section       64  queue.o(.bss)
    .bss                                     0x200101cc   Section      200  tasks.o(.bss)
    pxReadyTasksLists                        0x200101cc   Data         100  tasks.o(.bss)
    xDelayedTaskList1                        0x20010230   Data          20  tasks.o(.bss)
    xDelayedTaskList2                        0x20010244   Data          20  tasks.o(.bss)
    xPendingReadyList                        0x20010258   Data          20  tasks.o(.bss)
    xTasksWaitingTermination                 0x2001026c   Data          20  tasks.o(.bss)
    xSuspendedTaskList                       0x20010280   Data          20  tasks.o(.bss)
    .bss                                     0x20010294   Section       40  timers.o(.bss)
    xActiveTimerList1                        0x20010294   Data          20  timers.o(.bss)
    xActiveTimerList2                        0x200102a8   Data          20  timers.o(.bss)
    .bss                                     0x200102bc   Section    20480  heap_4.o(.bss)
    ucHeap                                   0x200102bc   Data       20480  heap_4.o(.bss)
    .bss                                     0x200152bc   Section       96  libspace.o(.bss)
    HEAP                                     0x20015320   Section      512  startup_stm32f40_41xxx.o(HEAP)
    Heap_Mem                                 0x20015320   Data         512  startup_stm32f40_41xxx.o(HEAP)
    STACK                                    0x20015520   Section     1024  startup_stm32f40_41xxx.o(STACK)
    Stack_Mem                                0x20015520   Data        1024  startup_stm32f40_41xxx.o(STACK)
    __initial_sp                             0x20015920   Data           0  startup_stm32f40_41xxx.o(STACK)

    Global Symbols

    Symbol Name                              Value     Ov Type        Size  Object(Section)

    BuildAttributes$$THM_ISAv4$E$P$D$K$B$S$7EM$VFPi3$EXTD16$VFPS$VFMA$PE$A:L22UL41UL21$X:L11$S22US41US21$IEEE1$IW$USESV6$~STKCKD$USESV7$~SHL$OTIME$ROPI$IEEEJ$EBA8$UX$STANDARDLIB$REQ8$PRES8$EABIv2 0x00000000   Number         0  anon$$obj.o ABSOLUTE
    __ARM_use_no_argv                        0x00000000   Number         0  main.o ABSOLUTE
    _printf_flags                            0x00000000   Number         0  printf_stubs.o ABSOLUTE
    _printf_return_value                     0x00000000   Number         0  printf_stubs.o ABSOLUTE
    _printf_sizespec                         0x00000000   Number         0  printf_stubs.o ABSOLUTE
    _printf_widthprec                        0x00000000   Number         0  printf_stubs.o ABSOLUTE
    __ARM_exceptions_init                     - Undefined Weak Reference
    __alloca_initialize                       - Undefined Weak Reference
    __arm_preinit_                            - Undefined Weak Reference
    __cpp_initialize__aeabi_                  - Undefined Weak Reference
    __cxa_finalize                            - Undefined Weak Reference
    __sigvec_lookup                           - Undefined Weak Reference
    _atexit_init                              - Undefined Weak Reference
    _call_atexit_fns                          - Undefined Weak Reference
    _clock_init                               - Undefined Weak Reference
    _fp_trap_init                             - Undefined Weak Reference
    _fp_trap_shutdown                         - Undefined Weak Reference
    _get_lc_collate                           - Undefined Weak Reference
    _get_lc_ctype                             - Undefined Weak Reference
    _get_lc_monetary                          - Undefined Weak Reference
    _get_lc_time                              - Undefined Weak Reference
    _getenv_init                              - Undefined Weak Reference
    _handle_redirection                       - Undefined Weak Reference
    _init_alloc                               - Undefined Weak Reference
    _init_user_alloc                          - Undefined Weak Reference
    _initio                                   - Undefined Weak Reference
    _mutex_acquire                            - Undefined Weak Reference
    _mutex_release                            - Undefined Weak Reference
    _printf_mbtowc                            - Undefined Weak Reference
    _printf_post_padding                      - Undefined Weak Reference
    _printf_pre_padding                       - Undefined Weak Reference
    _printf_truncate_signed                   - Undefined Weak Reference
    _printf_truncate_unsigned                 - Undefined Weak Reference
    _rand_init                                - Undefined Weak Reference
    _signal_finish                            - Undefined Weak Reference
    _signal_init                              - Undefined Weak Reference
    _terminate_alloc                          - Undefined Weak Reference
    _terminate_user_alloc                     - Undefined Weak Reference
    _terminateio                              - Undefined Weak Reference
    __Vectors_Size                           0x00000188   Number         0  startup_stm32f40_41xxx.o ABSOLUTE
    __Vectors                                0x20000000   Data           4  startup_stm32f40_41xxx.o(RESET)
    __Vectors_End                            0x20000188   Data           0  startup_stm32f40_41xxx.o(RESET)
    __main                                   0x20000189   Thumb Code     8  __main.o(!!!main)
    __scatterload                            0x20000191   Thumb Code     0  __scatter.o(!!!scatter)
    __scatterload_rt2                        0x20000191   Thumb Code    44  __scatter.o(!!!scatter)
    __scatterload_rt2_thumb_only             0x20000191   Thumb Code     0  __scatter.o(!!!scatter)
    __scatterload_null                       0x2000019f   Thumb Code     0  __scatter.o(!!!scatter)
    __scatterload_copy                       0x200001c5   Thumb Code    26  __scatter_copy.o(!!handler_copy)
    __scatterload_zeroinit                   0x200001e1   Thumb Code    28  __scatter_zi.o(!!handler_zi)
    _printf_f                                0x200001fd   Thumb Code     0  _printf_f.o(.ARM.Collect$$_printf_percent$$00000003)
    _printf_percent                          0x200001fd   Thumb Code     0  _printf_percent.o(.ARM.Collect$$_printf_percent$$00000000)
    _printf_d                                0x20000203   Thumb Code     0  _printf_d.o(.ARM.Collect$$_printf_percent$$00000009)
    _printf_s                                0x20000209   Thumb Code     0  _printf_s.o(.ARM.Collect$$_printf_percent$$00000014)
    _printf_percent_end                      0x2000020f   Thumb Code     0  _printf_percent_end.o(.ARM.Collect$$_printf_percent$$00000017)
    __rt_lib_init                            0x20000213   Thumb Code     0  libinit.o(.ARM.Collect$$libinit$$00000000)
    __rt_lib_init_fp_1                       0x20000215   Thumb Code     0  libinit2.o(.ARM.Collect$$libinit$$00000001)
    __rt_lib_init_heap_1                     0x20000219   Thumb Code     0  libinit2.o(.ARM.Collect$$libinit$$0000000A)
    __rt_lib_init_lc_common                  0x20000219   Thumb Code     0  libinit2.o(.ARM.Collect$$libinit$$0000000F)
    __rt_lib_init_preinit_1                  0x20000219   Thumb Code     0  libinit2.o(.ARM.Collect$$libinit$$00000004)
    __rt_lib_init_rand_1                     0x20000219   Thumb Code     0  libinit2.o(.ARM.Collect$$libinit$$0000000E)
    __rt_lib_init_user_alloc_1               0x20000219   Thumb Code     0  libinit2.o(.ARM.Collect$$libinit$$0000000C)
    __rt_lib_init_lc_collate_1               0x2000021f   Thumb Code     0  libinit2.o(.ARM.Collect$$libinit$$00000011)
    __rt_lib_init_lc_ctype_1                 0x2000021f   Thumb Code     0  libinit2.o(.ARM.Collect$$libinit$$00000013)
    __rt_lib_init_lc_monetary_1              0x2000021f   Thumb Code     0  libinit2.o(.ARM.Collect$$libinit$$00000015)
    __rt_lib_init_lc_numeric_2               0x2000021f   Thumb Code     0  libinit2.o(.ARM.Collect$$libinit$$00000016)
    __rt_lib_init_alloca_1                   0x20000229   Thumb Code     0  libinit2.o(.ARM.Collect$$libinit$$0000002E)
    __rt_lib_init_argv_1                     0x20000229   Thumb Code     0  libinit2.o(.ARM.Collect$$libinit$$0000002C)
    __rt_lib_init_atexit_1                   0x20000229   Thumb Code     0  libinit2.o(.ARM.Collect$$libinit$$0000001B)
    __rt_lib_init_clock_1                    0x20000229   Thumb Code     0  libinit2.o(.ARM.Collect$$libinit$$00000021)
    __rt_lib_init_cpp_1                      0x20000229   Thumb Code     0  libinit2.o(.ARM.Collect$$libinit$$00000032)
    __rt_lib_init_exceptions_1               0x20000229   Thumb Code     0  libinit2.o(.ARM.Collect$$libinit$$00000030)
    __rt_lib_init_fp_trap_1                  0x20000229   Thumb Code     0  libinit2.o(.ARM.Collect$$libinit$$0000001F)
    __rt_lib_init_getenv_1                   0x20000229   Thumb Code     0  libinit2.o(.ARM.Collect$$libinit$$00000023)
    __rt_lib_init_lc_numeric_1               0x20000229   Thumb Code     0  libinit2.o(.ARM.Collect$$libinit$$00000017)
    __rt_lib_init_lc_time_1                  0x20000229   Thumb Code     0  libinit2.o(.ARM.Collect$$libinit$$00000019)
    __rt_lib_init_return                     0x20000229   Thumb Code     0  libinit2.o(.ARM.Collect$$libinit$$00000033)
    __rt_lib_init_signal_1                   0x20000229   Thumb Code     0  libinit2.o(.ARM.Collect$$libinit$$0000001D)
    __rt_lib_init_stdio_1                    0x20000229   Thumb Code     0  libinit2.o(.ARM.Collect$$libinit$$00000025)
    __rt_lib_shutdown                        0x2000022b   Thumb Code     0  libshutdown.o(.ARM.Collect$$libshutdown$$00000000)
    __rt_lib_shutdown_cpp_1                  0x2000022d   Thumb Code     0  libshutdown2.o(.ARM.Collect$$libshutdown$$00000002)
    __rt_lib_shutdown_fp_trap_1              0x2000022d   Thumb Code     0  libshutdown2.o(.ARM.Collect$$libshutdown$$00000007)
    __rt_lib_shutdown_heap_1                 0x2000022d   Thumb Code     0  libshutdown2.o(.ARM.Collect$$libshutdown$$0000000F)
    __rt_lib_shutdown_return                 0x2000022d   Thumb Code     0  libshutdown2.o(.ARM.Collect$$libshutdown$$00000010)
    __rt_lib_shutdown_signal_1               0x2000022d   Thumb Code     0  libshutdown2.o(.ARM.Collect$$libshutdown$$0000000A)
    __rt_lib_shutdown_stdio_1                0x2000022d   Thumb Code     0  libshutdown2.o(.ARM.Collect$$libshutdown$$00000004)
    __rt_lib_shutdown_user_alloc_1           0x2000022d   Thumb Code     0  libshutdown2.o(.ARM.Collect$$libshutdown$$0000000C)
    __rt_entry                               0x2000022f   Thumb Code     0  __rtentry.o(.ARM.Collect$$rtentry$$00000000)
    __rt_entry_presh_1                       0x2000022f   Thumb Code     0  __rtentry2.o(.ARM.Collect$$rtentry$$00000002)
    __rt_entry_sh                            0x2000022f   Thumb Code     0  __rtentry4.o(.ARM.Collect$$rtentry$$00000004)
    __rt_entry_li                            0x20000235   Thumb Code     0  __rtentry2.o(.ARM.Collect$$rtentry$$0000000A)
    __rt_entry_postsh_1                      0x20000235   Thumb Code     0  __rtentry2.o(.ARM.Collect$$rtentry$$00000009)
    __rt_entry_main                          0x20000239   Thumb Code     0  __rtentry2.o(.ARM.Collect$$rtentry$$0000000D)
    __rt_entry_postli_1                      0x20000239   Thumb Code     0  __rtentry2.o(.ARM.Collect$$rtentry$$0000000C)
    __rt_exit                                0x20000241   Thumb Code     0  rtexit.o(.ARM.Collect$$rtexit$$00000000)
    __rt_exit_ls                             0x20000243   Thumb Code     0  rtexit2.o(.ARM.Collect$$rtexit$$00000003)
    __rt_exit_prels_1                        0x20000243   Thumb Code     0  rtexit2.o(.ARM.Collect$$rtexit$$00000002)
    __rt_exit_exit                           0x20000247   Thumb Code     0  rtexit2.o(.ARM.Collect$$rtexit$$00000004)
    SVC_Handler                              0x2000024d   Thumb Code    28  port.o(.emb_text)
    __asm___6_port_c_39a90d8d__prvStartFirstTask 0x2000026d   Thumb Code    36  port.o(.emb_text)
    __asm___6_port_c_39a90d8d__prvEnableVFP  0x20000295   Thumb Code    16  port.o(.emb_text)
    PendSV_Handler                           0x200002a9   Thumb Code    88  port.o(.emb_text)
    vPortGetIPSR                             0x20000305   Thumb Code     6  port.o(.emb_text)
    Reset_Handler                            0x2000030d   Thumb Code     8  startup_stm32f40_41xxx.o(.text)
    ADC_IRQHandler                           0x20000327   Thumb Code     0  startup_stm32f40_41xxx.o(.text)
    CAN1_RX0_IRQHandler                      0x20000327   Thumb Code     0  startup_stm32f40_41xxx.o(.text)
    CAN1_RX1_IRQHandler                      0x20000327   Thumb Code     0  startup_stm32f40_41xxx.o(.text)
    CAN1_SCE_IRQHandler                      0x20000327   Thumb Code     0  startup_stm32f40_41xxx.o(.text)
    CAN1_TX_IRQHandler                       0x20000327   Thumb Code     0  startup_stm32f40_41xxx.o(.text)
    CAN2_RX0_IRQHandler                      0x20000327   Thumb Code     0  startup_stm32f40_41xxx.o(.text)
    CAN2_RX1_IRQHandler                      0x20000327   Thumb Code     0  startup_stm32f40_41xxx.o(.text)
    CAN2_SCE_IRQHandler                      0x20000327   Thumb Code     0  startup_stm32f40_41xxx.o(.text)
    CAN2_TX_IRQHandler                       0x20000327   Thumb Code     0  startup_stm32f40_41xxx.o(.text)
    CRYP_IRQHandler                          0x20000327   Thumb Code     0  startup_stm32f40_41xxx.o(.text)
    DCMI_IRQHandler                          0x20000327   Thumb Code     0  startup_stm32f40_41xxx.o(.text)
    DMA1_Stream0_IRQHandler                  0x20000327   Thumb Code     0  startup_stm32f40_41xxx.o(.text)
    DMA1_Stream1_IRQHandler                  0x20000327   Thumb Code     0  startup_stm32f40_41xxx.o(.text)
    DMA1_Stream2_IRQHandler                  0x20000327   Thumb Code     0  startup_stm32f40_41xxx.o(.text)
    DMA1_Stream3_IRQHandler                  0x20000327   Thumb Code     0  startup_stm32f40_41xxx.o(.text)
    DMA1_Stream4_IRQHandler                  0x20000327   Thumb Code     0  startup_stm32f40_41xxx.o(.text)
    DMA1_Stream5_IRQHandler                  0x20000327   Thumb Code     0  startup_stm32f40_41xxx.o(.text)
    DMA1_Stream6_IRQHandler                  0x20000327   Thumb Code     0  startup_stm32f40_41xxx.o(.text)
    DMA1_Stream7_IRQHandler                  0x20000327   Thumb Code     0  startup_stm32f40_41xxx.o(.text)
    DMA2_Stream0_IRQHandler                  0x20000327   Thumb Code     0  startup_stm32f40_41xxx.o(.text)
    DMA2_Stream1_IRQHandler                  0x20000327   Thumb Code     0  startup_stm32f40_41xxx.o(.text)
    DMA2_Stream2_IRQHandler                  0x20000327   Thumb Code     0  startup_stm32f40_41xxx.o(.text)
    DMA2_Stream3_IRQHandler                  0x20000327   Thumb Code     0  startup_stm32f40_41xxx.o(.text)
    DMA2_Stream4_IRQHandler                  0x20000327   Thumb Code     0  startup_stm32f40_41xxx.o(.text)
    DMA2_Stream5_IRQHandler                  0x20000327   Thumb Code     0  startup_stm32f40_41xxx.o(.text)
    DMA2_Stream6_IRQHandler                  0x20000327   Thumb Code     0  startup_stm32f40_41xxx.o(.text)
    DMA2_Stream7_IRQHandler                  0x20000327   Thumb Code     0  startup_stm32f40_41xxx.o(.text)
    ETH_IRQHandler                           0x20000327   Thumb Code     0  startup_stm32f40_41xxx.o(.text)
    ETH_WKUP_IRQHandler                      0x20000327   Thumb Code     0  startup_stm32f40_41xxx.o(.text)
    EXTI0_IRQHandler                         0x20000327   Thumb Code     0  startup_stm32f40_41xxx.o(.text)
    EXTI15_10_IRQHandler                     0x20000327   Thumb Code     0  startup_stm32f40_41xxx.o(.text)
    EXTI1_IRQHandler                         0x20000327   Thumb Code     0  startup_stm32f40_41xxx.o(.text)
    EXTI2_IRQHandler                         0x20000327   Thumb Code     0  startup_stm32f40_41xxx.o(.text)
    EXTI3_IRQHandler                         0x20000327   Thumb Code     0  startup_stm32f40_41xxx.o(.text)
    EXTI4_IRQHandler                         0x20000327   Thumb Code     0  startup_stm32f40_41xxx.o(.text)
    EXTI9_5_IRQHandler                       0x20000327   Thumb Code     0  startup_stm32f40_41xxx.o(.text)
    FLASH_IRQHandler                         0x20000327   Thumb Code     0  startup_stm32f40_41xxx.o(.text)
    FPU_IRQHandler                           0x20000327   Thumb Code     0  startup_stm32f40_41xxx.o(.text)
    FSMC_IRQHandler                          0x20000327   Thumb Code     0  startup_stm32f40_41xxx.o(.text)
    HASH_RNG_IRQHandler                      0x20000327   Thumb Code     0  startup_stm32f40_41xxx.o(.text)
    I2C1_ER_IRQHandler                       0x20000327   Thumb Code     0  startup_stm32f40_41xxx.o(.text)
    I2C1_EV_IRQHandler                       0x20000327   Thumb Code     0  startup_stm32f40_41xxx.o(.text)
    I2C2_ER_IRQHandler                       0x20000327   Thumb Code     0  startup_stm32f40_41xxx.o(.text)
    I2C2_EV_IRQHandler                       0x20000327   Thumb Code     0  startup_stm32f40_41xxx.o(.text)
    I2C3_ER_IRQHandler                       0x20000327   Thumb Code     0  startup_stm32f40_41xxx.o(.text)
    I2C3_EV_IRQHandler                       0x20000327   Thumb Code     0  startup_stm32f40_41xxx.o(.text)
    OTG_FS_IRQHandler                        0x20000327   Thumb Code     0  startup_stm32f40_41xxx.o(.text)
    OTG_FS_WKUP_IRQHandler                   0x20000327   Thumb Code     0  startup_stm32f40_41xxx.o(.text)
    OTG_HS_EP1_IN_IRQHandler                 0x20000327   Thumb Code     0  startup_stm32f40_41xxx.o(.text)
    OTG_HS_EP1_OUT_IRQHandler                0x20000327   Thumb Code     0  startup_stm32f40_41xxx.o(.text)
    OTG_HS_IRQHandler                        0x20000327   Thumb Code     0  startup_stm32f40_41xxx.o(.text)
    OTG_HS_WKUP_IRQHandler                   0x20000327   Thumb Code     0  startup_stm32f40_41xxx.o(.text)
    PVD_IRQHandler                           0x20000327   Thumb Code     0  startup_stm32f40_41xxx.o(.text)
    RCC_IRQHandler                           0x20000327   Thumb Code     0  startup_stm32f40_41xxx.o(.text)
    RTC_Alarm_IRQHandler                     0x20000327   Thumb Code     0  startup_stm32f40_41xxx.o(.text)
    RTC_WKUP_IRQHandler                      0x20000327   Thumb Code     0  startup_stm32f40_41xxx.o(.text)
    SDIO_IRQHandler                          0x20000327   Thumb Code     0  startup_stm32f40_41xxx.o(.text)
    SPI1_IRQHandler                          0x20000327   Thumb Code     0  startup_stm32f40_41xxx.o(.text)
    SPI2_IRQHandler                          0x20000327   Thumb Code     0  startup_stm32f40_41xxx.o(.text)
    SPI3_IRQHandler                          0x20000327   Thumb Code     0  startup_stm32f40_41xxx.o(.text)
    TAMP_STAMP_IRQHandler                    0x20000327   Thumb Code     0  startup_stm32f40_41xxx.o(.text)
    TIM1_BRK_TIM9_IRQHandler                 0x20000327   Thumb Code     0  startup_stm32f40_41xxx.o(.text)
    TIM1_CC_IRQHandler                       0x20000327   Thumb Code     0  startup_stm32f40_41xxx.o(.text)
    TIM1_TRG_COM_TIM11_IRQHandler            0x20000327   Thumb Code     0  startup_stm32f40_41xxx.o(.text)
    TIM1_UP_TIM10_IRQHandler                 0x20000327   Thumb Code     0  startup_stm32f40_41xxx.o(.text)
    TIM2_IRQHandler                          0x20000327   Thumb Code     0  startup_stm32f40_41xxx.o(.text)
    TIM3_IRQHandler                          0x20000327   Thumb Code     0  startup_stm32f40_41xxx.o(.text)
    TIM4_IRQHandler                          0x20000327   Thumb Code     0  startup_stm32f40_41xxx.o(.text)
    TIM5_IRQHandler                          0x20000327   Thumb Code     0  startup_stm32f40_41xxx.o(.text)
    TIM6_DAC_IRQHandler                      0x20000327   Thumb Code     0  startup_stm32f40_41xxx.o(.text)
    TIM7_IRQHandler                          0x20000327   Thumb Code     0  startup_stm32f40_41xxx.o(.text)
    TIM8_BRK_TIM12_IRQHandler                0x20000327   Thumb Code     0  startup_stm32f40_41xxx.o(.text)
    TIM8_CC_IRQHandler                       0x20000327   Thumb Code     0  startup_stm32f40_41xxx.o(.text)
    TIM8_TRG_COM_TIM14_IRQHandler            0x20000327   Thumb Code     0  startup_stm32f40_41xxx.o(.text)
    TIM8_UP_TIM13_IRQHandler                 0x20000327   Thumb Code     0  startup_stm32f40_41xxx.o(.text)
    UART4_IRQHandler                         0x20000327   Thumb Code     0  startup_stm32f40_41xxx.o(.text)
    UART5_IRQHandler                         0x20000327   Thumb Code     0  startup_stm32f40_41xxx.o(.text)
    USART1_IRQHandler                        0x20000327   Thumb Code     0  startup_stm32f40_41xxx.o(.text)
    USART3_IRQHandler                        0x20000327   Thumb Code     0  startup_stm32f40_41xxx.o(.text)
    USART6_IRQHandler                        0x20000327   Thumb Code     0  startup_stm32f40_41xxx.o(.text)
    WWDG_IRQHandler                          0x20000327   Thumb Code     0  startup_stm32f40_41xxx.o(.text)
    __user_initial_stackheap                 0x20000329   Thumb Code     0  startup_stm32f40_41xxx.o(.text)
    __use_no_semihosting                     0x2000034d   Thumb Code     2  use_no_semi_2.o(.text)
    __2printf                                0x20000351   Thumb Code    20  noretval__2printf.o(.text)
    _printf_str                              0x20000369   Thumb Code    82  _printf_str.o(.text)
    _printf_int_dec                          0x200003bd   Thumb Code   104  _printf_dec.o(.text)
    __printf                                 0x20000435   Thumb Code   270  __printf_wp.o(.text)
    __aeabi_memcpy                           0x20000543   Thumb Code     0  rt_memcpy_v6.o(.text)
    __rt_memcpy                              0x20000543   Thumb Code   138  rt_memcpy_v6.o(.text)
    _memcpy_lastbytes                        0x200005a9   Thumb Code     0  rt_memcpy_v6.o(.text)
    __aeabi_memset                           0x200005cd   Thumb Code    16  aeabi_memset.o(.text)
    __aeabi_memclr4                          0x200005dd   Thumb Code     0  rt_memclr_w.o(.text)
    __aeabi_memclr8                          0x200005dd   Thumb Code     0  rt_memclr_w.o(.text)
    __rt_memclr_w                            0x200005dd   Thumb Code    78  rt_memclr_w.o(.text)
    _memset_w                                0x200005e1   Thumb Code     0  rt_memclr_w.o(.text)
    __use_two_region_memory                  0x2000062b   Thumb Code     2  heapauxi.o(.text)
    __rt_heap_escrow$2region                 0x2000062d   Thumb Code     2  heapauxi.o(.text)
    __rt_heap_expand$2region                 0x2000062f   Thumb Code     2  heapauxi.o(.text)
    __I$use$semihosting                      0x20000631   Thumb Code     0  use_no_semi.o(.text)
    __use_no_semihosting_swi                 0x20000631   Thumb Code     2  use_no_semi.o(.text)
    _printf_int_common                       0x20000633   Thumb Code   178  _printf_intcommon.o(.text)
    __lib_sel_fp_printf                      0x200006e5   Thumb Code     2  _printf_fp_dec.o(.text)
    _printf_fp_dec_real                      0x20000893   Thumb Code   620  _printf_fp_dec.o(.text)
    _printf_cs_common                        0x20000aff   Thumb Code    20  _printf_char.o(.text)
    _printf_char                             0x20000b13   Thumb Code    16  _printf_char.o(.text)
    _printf_string                           0x20000b23   Thumb Code     8  _printf_char.o(.text)
    _printf_char_file                        0x20000b2d   Thumb Code    32  _printf_char_file.o(.text)
    __aeabi_memcpy4                          0x20000b51   Thumb Code     0  rt_memcpy_w.o(.text)
    __aeabi_memcpy8                          0x20000b51   Thumb Code     0  rt_memcpy_w.o(.text)
    __rt_memcpy_w                            0x20000b51   Thumb Code   100  rt_memcpy_w.o(.text)
    _memcpy_lastbytes_aligned                0x20000b99   Thumb Code     0  rt_memcpy_w.o(.text)
    __aeabi_memclr                           0x20000bb5   Thumb Code     0  rt_memclr.o(.text)
    __rt_memclr                              0x20000bb5   Thumb Code    68  rt_memclr.o(.text)
    _memset                                  0x20000bb9   Thumb Code     0  rt_memclr.o(.text)
    __rt_locale                              0x20000bf9   Thumb Code     8  rt_locale_intlibspace.o(.text)
    _ll_udiv10                               0x20000c01   Thumb Code   138  lludiv10.o(.text)
    _printf_char_common                      0x20000c97   Thumb Code    32  _printf_char_common.o(.text)
    _printf_fp_infnan                        0x20000cbd   Thumb Code   112  _printf_fp_infnan.o(.text)
    _btod_etento                             0x20000d3d   Thumb Code   216  bigflt0.o(.text)
    ferror                                   0x20000e19   Thumb Code     8  ferror.o(.text)
    __user_libspace                          0x20000e21   Thumb Code     8  libspace.o(.text)
    __user_perproc_libspace                  0x20000e21   Thumb Code     0  libspace.o(.text)
    __user_perthread_libspace                0x20000e21   Thumb Code     0  libspace.o(.text)
    __user_setup_stackheap                   0x20000e29   Thumb Code    74  sys_stackheap_outer.o(.text)
    exit                                     0x20000e73   Thumb Code    18  exit.o(.text)
    strcmp                                   0x20000e85   Thumb Code   128  strcmpv7m.o(.text)
    _btod_d2e                                0x20000f05   Thumb Code    62  btod.o(CL$$btod_d2e)
    _d2e_denorm_low                          0x20000f43   Thumb Code    70  btod.o(CL$$btod_d2e_denorm_low)
    _d2e_norm_op1                            0x20000f89   Thumb Code    96  btod.o(CL$$btod_d2e_norm_op1)
    __btod_div_common                        0x20000fe9   Thumb Code   696  btod.o(CL$$btod_div_common)
    _e2e                                     0x20001321   Thumb Code   198  btod.o(CL$$btod_e2e)
    _btod_ediv                               0x200013e7   Thumb Code    40  btod.o(CL$$btod_ediv)
    _btod_emul                               0x2000140f   Thumb Code    40  btod.o(CL$$btod_emul)
    __btod_mult_common                       0x20001437   Thumb Code   580  btod.o(CL$$btod_mult_common)
    BusFault_Handler                         0x2000167b   Thumb Code     4  stm32f4xx_it.o(i.BusFault_Handler)
    DebugMon_Handler                         0x2000167f   Thumb Code     2  stm32f4xx_it.o(i.DebugMon_Handler)
    GPIO_Init                                0x20001681   Thumb Code   352  stm32f4xx_gpio.o(i.GPIO_Init)
    GPIO_PinAFConfig                         0x20001829   Thumb Code   352  stm32f4xx_gpio.o(i.GPIO_PinAFConfig)
    GPIO_SetBits                             0x200019d1   Thumb Code   104  stm32f4xx_gpio.o(i.GPIO_SetBits)
    HardFault_Handler                        0x20001a81   Thumb Code     4  stm32f4xx_it.o(i.HardFault_Handler)
    LED_Init                                 0x20001a85   Thumb Code    60  main.o(i.LED_Init)
    MemManage_Handler                        0x20001ac5   Thumb Code     4  stm32f4xx_it.o(i.MemManage_Handler)
    NMI_Handler                              0x20001ac9   Thumb Code     2  stm32f4xx_it.o(i.NMI_Handler)
    NVIC_Init                                0x20001acd   Thumb Code   164  misc.o(i.NVIC_Init)
    NVIC_PriorityGroupConfig                 0x20001b91   Thumb Code    54  misc.o(i.NVIC_PriorityGroupConfig)
    RCC_AHB1PeriphClockCmd                   0x20001be5   Thumb Code    70  stm32f4xx_rcc.o(i.RCC_AHB1PeriphClockCmd)
    RCC_APB1PeriphClockCmd                   0x20001c51   Thumb Code    70  stm32f4xx_rcc.o(i.RCC_APB1PeriphClockCmd)
    RCC_GetClocksFreq                        0x20001cbd   Thumb Code   214  stm32f4xx_rcc.o(i.RCC_GetClocksFreq)
    SysTick_CLKSourceConfig                  0x20001e91   Thumb Code    62  misc.o(i.SysTick_CLKSourceConfig)
    SysTick_Handler                          0x20001ee5   Thumb Code    16  delay.o(i.SysTick_Handler)
    SystemInit                               0x20001ef5   Thumb Code    88  system_stm32f4xx.o(i.SystemInit)
    USART2_IRQHandler                        0x20001f5d   Thumb Code   122  usart.o(i.USART2_IRQHandler)
    USART_Cmd                                0x20001fe5   Thumb Code   108  stm32f4xx_usart.o(i.USART_Cmd)
    USART_GetITStatus                        0x2000208d   Thumb Code   290  stm32f4xx_usart.o(i.USART_GetITStatus)
    USART_ITConfig                           0x200021ed   Thumb Code   272  stm32f4xx_usart.o(i.USART_ITConfig)
    USART_Init                               0x20002339   Thumb Code   480  stm32f4xx_usart.o(i.USART_Init)
    USART_ReceiveData                        0x20002559   Thumb Code    72  stm32f4xx_usart.o(i.USART_ReceiveData)
    UsageFault_Handler                       0x200025dd   Thumb Code     4  stm32f4xx_it.o(i.UsageFault_Handler)
    __ARM_fpclassify                         0x200025e1   Thumb Code    48  fpclassify.o(i.__ARM_fpclassify)
    _is_digit                                0x20002611   Thumb Code    14  __printf_wp.o(i._is_digit)
    _sys_exit                                0x2000261f   Thumb Code     4  usart.o(i._sys_exit)
    assert_failed                            0x20002625   Thumb Code    18  main.o(i.assert_failed)
    delay_init                               0x20002661   Thumb Code    58  delay.o(i.delay_init)
    float_task                               0x200026a5   Thumb Code    54  main.o(i.float_task)
    fputc                                    0x200026fd   Thumb Code    24  usart.o(i.fputc)
    led0_task                                0x20002719   Thumb Code    24  main.o(i.led0_task)
    led1_task                                0x20002739   Thumb Code    32  main.o(i.led1_task)
    main                                     0x20002761   Thumb Code    56  main.o(i.main)
    pvPortMalloc                             0x20003235   Thumb Code   338  heap_4.o(i.pvPortMalloc)
    pxPortInitialiseStack                    0x200033a1   Thumb Code    38  port.o(i.pxPortInitialiseStack)
    start_task                               0x200033cd   Thumb Code    82  main.o(i.start_task)
    uart2_init                               0x20003461   Thumb Code   162  usart.o(i.uart2_init)
    uxListRemove                             0x2000350d   Thumb Code    40  list.o(i.uxListRemove)
    vListInitialise                          0x20003535   Thumb Code    26  list.o(i.vListInitialise)
    vListInitialiseItem                      0x2000354f   Thumb Code     6  list.o(i.vListInitialiseItem)
    vListInsert                              0x20003555   Thumb Code    52  list.o(i.vListInsert)
    vListInsertEnd                           0x20003589   Thumb Code    24  list.o(i.vListInsertEnd)
    vPortEnterCritical                       0x200035a1   Thumb Code    76  port.o(i.vPortEnterCritical)
    vPortExitCritical                        0x200035f5   Thumb Code    56  port.o(i.vPortExitCritical)
    vPortFree                                0x20003631   Thumb Code   150  heap_4.o(i.vPortFree)
    vPortSetupTimerInterrupt                 0x200036d5   Thumb Code    36  port.o(i.vPortSetupTimerInterrupt)
    vPortValidateInterruptPriority           0x200036fd   Thumb Code   106  port.o(i.vPortValidateInterruptPriority)
    vQueueAddToRegistry                      0x20003775   Thumb Code    38  queue.o(i.vQueueAddToRegistry)
    vQueueWaitForMessageRestricted           0x200037a1   Thumb Code    74  queue.o(i.vQueueWaitForMessageRestricted)
    vTaskDelay                               0x200037ed   Thumb Code    82  tasks.o(i.vTaskDelay)
    vTaskDelete                              0x20003849   Thumb Code   210  tasks.o(i.vTaskDelete)
    vTaskInternalSetTimeOutState             0x20003945   Thumb Code    14  tasks.o(i.vTaskInternalSetTimeOutState)
    vTaskMissedYield                         0x2000395d   Thumb Code     8  tasks.o(i.vTaskMissedYield)
    vTaskPlaceOnEventList                    0x20003969   Thumb Code    52  tasks.o(i.vTaskPlaceOnEventList)
    vTaskPlaceOnEventListRestricted          0x200039a1   Thumb Code    60  tasks.o(i.vTaskPlaceOnEventListRestricted)
    vTaskStartScheduler                      0x200039e1   Thumb Code   122  tasks.o(i.vTaskStartScheduler)
    vTaskSuspendAll                          0x20003a7d   Thumb Code    12  tasks.o(i.vTaskSuspendAll)
    vTaskSwitchContext                       0x20003a8d   Thumb Code   118  tasks.o(i.vTaskSwitchContext)
    xPortStartScheduler                      0x20003b19   Thumb Code   330  port.o(i.xPortStartScheduler)
    xPortSysTickHandler                      0x20003c81   Thumb Code    46  port.o(i.xPortSysTickHandler)
    xQueueGenericCreate                      0x20003cb5   Thumb Code   162  queue.o(i.xQueueGenericCreate)
    xQueueGenericReset                       0x20003d59   Thumb Code   146  queue.o(i.xQueueGenericReset)
    xQueueGenericSend                        0x20003df1   Thumb Code   466  queue.o(i.xQueueGenericSend)
    xQueueGenericSendFromISR                 0x20003fc9   Thumb Code   310  queue.o(i.xQueueGenericSendFromISR)
    xQueueReceive                            0x20004101   Thumb Code   356  queue.o(i.xQueueReceive)
    xTaskCheckForTimeOut                     0x20004269   Thumb Code   136  tasks.o(i.xTaskCheckForTimeOut)
    xTaskCreate                              0x200042f9   Thumb Code    96  tasks.o(i.xTaskCreate)
    xTaskGetSchedulerState                   0x20004359   Thumb Code    24  tasks.o(i.xTaskGetSchedulerState)
    xTaskGetTickCount                        0x20004379   Thumb Code     6  tasks.o(i.xTaskGetTickCount)
    xTaskIncrementTick                       0x20004385   Thumb Code   282  tasks.o(i.xTaskIncrementTick)
    xTaskPriorityDisinherit                  0x200044cd   Thumb Code   174  tasks.o(i.xTaskPriorityDisinherit)
    xTaskRemoveFromEventList                 0x20004589   Thumb Code   128  tasks.o(i.xTaskRemoveFromEventList)
    xTaskResumeAll                           0x20004621   Thumb Code   224  tasks.o(i.xTaskResumeAll)
    xTimerCreateTimerTask                    0x20004725   Thumb Code    66  timers.o(i.xTimerCreateTimerTask)
    xTimerGenericCommand                     0x2000477d   Thumb Code   126  timers.o(i.xTimerGenericCommand)
    _get_lc_numeric                          0x20004801   Thumb Code    44  lc_numeric_c.o(locale$$code)
    __fpl_dretinf                            0x2000482d   Thumb Code    12  dretinf.o(x$fpl$dretinf)
    __aeabi_f2d                              0x20004839   Thumb Code     0  f2d.o(x$fpl$f2d)
    _f2d                                     0x20004839   Thumb Code    86  f2d.o(x$fpl$f2d)
    __fpl_fnaninf                            0x2000488f   Thumb Code   140  fnaninf.o(x$fpl$fnaninf)
    _fp_init                                 0x2000491b   Thumb Code    10  fpinit.o(x$fpl$fpinit)
    __fplib_config_fpu_vfp                   0x20004923   Thumb Code     0  fpinit.o(x$fpl$fpinit)
    __fplib_config_pureend_doubles           0x20004923   Thumb Code     0  fpinit.o(x$fpl$fpinit)
    _printf_fp_dec                           0x20004925   Thumb Code     4  printf1.o(x$fpl$printf1)
    __I$use$fp                               0x20004928   Number         0  usenofp.o(x$fpl$usenofp)
    Region$$Table$$Base                      0x200049bc   Number         0  anon$$obj.o(Region$$Table)
    Region$$Table$$Limit                     0x200049dc   Number         0  anon$$obj.o(Region$$Table)
    StartTask_Handler                        0x20010000   Data           4  main.o(.data)
    LED0Task_Handler                         0x20010004   Data           4  main.o(.data)
    LED1Task_Handler                         0x20010008   Data           4  main.o(.data)
    FLOATTask_Handler                        0x2001000c   Data           4  main.o(.data)
    SystemCoreClock                          0x20010014   Data           4  system_stm32f4xx.o(.data)
    AHBPrescTable                            0x20010018   Data          16  system_stm32f4xx.o(.data)
    __stdout                                 0x2001002c   Data           4  usart.o(.data)
    USART_RX_STA                             0x20010030   Data           2  usart.o(.data)
    pxCurrentTCB                             0x20010044   Data           4  tasks.o(.data)
    uxTopUsedPriority                        0x2001007c   Data           4  tasks.o(.data)
    USART_RX_BUF                             0x200100c4   Data         200  usart.o(.bss)
    xQueueRegistry                           0x2001018c   Data          64  queue.o(.bss)
    __libspace_start                         0x200152bc   Data          96  libspace.o(.bss)
    __temporary_stack_top$libspace           0x2001531c   Data           0  libspace.o(.bss)



==============================================================================

Memory Map of the image

  Image Entry point : 0x20000189

  Load Region LR_IROM1 (Base: 0x20000000, Size: 0x00004abc, Max: 0x00010000, ABSOLUTE)

    Execution Region ER_IROM1 (Base: 0x20000000, Size: 0x000049f8, Max: 0x00010000, ABSOLUTE)

    Base Addr    Size         Type   Attr      Idx    E Section Name        Object

    0x20000000   0x00000188   Data   RO          502    RESET               startup_stm32f40_41xxx.o
    0x20000188   0x00000008   Code   RO         2827  * !!!main             c_w.l(__main.o)
    0x20000190   0x00000034   Code   RO         3055    !!!scatter          c_w.l(__scatter.o)
    0x200001c4   0x0000001a   Code   RO         3057    !!handler_copy      c_w.l(__scatter_copy.o)
    0x200001de   0x00000002   PAD
    0x200001e0   0x0000001c   Code   RO         3059    !!handler_zi        c_w.l(__scatter_zi.o)
    0x200001fc   0x00000000   Code   RO         2816    .ARM.Collect$$_printf_percent$$00000000  c_w.l(_printf_percent.o)
    0x200001fc   0x00000006   Code   RO         2815    .ARM.Collect$$_printf_percent$$00000003  c_w.l(_printf_f.o)
    0x20000202   0x00000006   Code   RO         2814    .ARM.Collect$$_printf_percent$$00000009  c_w.l(_printf_d.o)
    0x20000208   0x00000006   Code   RO         2813    .ARM.Collect$$_printf_percent$$00000014  c_w.l(_printf_s.o)
    0x2000020e   0x00000004   Code   RO         2844    .ARM.Collect$$_printf_percent$$00000017  c_w.l(_printf_percent_end.o)
    0x20000212   0x00000002   Code   RO         2932    .ARM.Collect$$libinit$$00000000  c_w.l(libinit.o)
    0x20000214   0x00000004   Code   RO         2933    .ARM.Collect$$libinit$$00000001  c_w.l(libinit2.o)
    0x20000218   0x00000000   Code   RO         2936    .ARM.Collect$$libinit$$00000004  c_w.l(libinit2.o)
    0x20000218   0x00000000   Code   RO         2939    .ARM.Collect$$libinit$$0000000A  c_w.l(libinit2.o)
    0x20000218   0x00000000   Code   RO         2941    .ARM.Collect$$libinit$$0000000C  c_w.l(libinit2.o)
    0x20000218   0x00000000   Code   RO         2943    .ARM.Collect$$libinit$$0000000E  c_w.l(libinit2.o)
    0x20000218   0x00000006   Code   RO         2944    .ARM.Collect$$libinit$$0000000F  c_w.l(libinit2.o)
    0x2000021e   0x00000000   Code   RO         2946    .ARM.Collect$$libinit$$00000011  c_w.l(libinit2.o)
    0x2000021e   0x00000000   Code   RO         2948    .ARM.Collect$$libinit$$00000013  c_w.l(libinit2.o)
    0x2000021e   0x00000000   Code   RO         2950    .ARM.Collect$$libinit$$00000015  c_w.l(libinit2.o)
    0x2000021e   0x0000000a   Code   RO         2951    .ARM.Collect$$libinit$$00000016  c_w.l(libinit2.o)
    0x20000228   0x00000000   Code   RO         2952    .ARM.Collect$$libinit$$00000017  c_w.l(libinit2.o)
    0x20000228   0x00000000   Code   RO         2954    .ARM.Collect$$libinit$$00000019  c_w.l(libinit2.o)
    0x20000228   0x00000000   Code   RO         2956    .ARM.Collect$$libinit$$0000001B  c_w.l(libinit2.o)
    0x20000228   0x00000000   Code   RO         2958    .ARM.Collect$$libinit$$0000001D  c_w.l(libinit2.o)
    0x20000228   0x00000000   Code   RO         2960    .ARM.Collect$$libinit$$0000001F  c_w.l(libinit2.o)
    0x20000228   0x00000000   Code   RO         2962    .ARM.Collect$$libinit$$00000021  c_w.l(libinit2.o)
    0x20000228   0x00000000   Code   RO         2964    .ARM.Collect$$libinit$$00000023  c_w.l(libinit2.o)
    0x20000228   0x00000000   Code   RO         2966    .ARM.Collect$$libinit$$00000025  c_w.l(libinit2.o)
    0x20000228   0x00000000   Code   RO         2970    .ARM.Collect$$libinit$$0000002C  c_w.l(libinit2.o)
    0x20000228   0x00000000   Code   RO         2972    .ARM.Collect$$libinit$$0000002E  c_w.l(libinit2.o)
    0x20000228   0x00000000   Code   RO         2974    .ARM.Collect$$libinit$$00000030  c_w.l(libinit2.o)
    0x20000228   0x00000000   Code   RO         2976    .ARM.Collect$$libinit$$00000032  c_w.l(libinit2.o)
    0x20000228   0x00000002   Code   RO         2977    .ARM.Collect$$libinit$$00000033  c_w.l(libinit2.o)
    0x2000022a   0x00000002   Code   RO         3005    .ARM.Collect$$libshutdown$$00000000  c_w.l(libshutdown.o)
    0x2000022c   0x00000000   Code   RO         3014    .ARM.Collect$$libshutdown$$00000002  c_w.l(libshutdown2.o)
    0x2000022c   0x00000000   Code   RO         3016    .ARM.Collect$$libshutdown$$00000004  c_w.l(libshutdown2.o)
    0x2000022c   0x00000000   Code   RO         3019    .ARM.Collect$$libshutdown$$00000007  c_w.l(libshutdown2.o)
    0x2000022c   0x00000000   Code   RO         3022    .ARM.Collect$$libshutdown$$0000000A  c_w.l(libshutdown2.o)
    0x2000022c   0x00000000   Code   RO         3024    .ARM.Collect$$libshutdown$$0000000C  c_w.l(libshutdown2.o)
    0x2000022c   0x00000000   Code   RO         3027    .ARM.Collect$$libshutdown$$0000000F  c_w.l(libshutdown2.o)
    0x2000022c   0x00000002   Code   RO         3028    .ARM.Collect$$libshutdown$$00000010  c_w.l(libshutdown2.o)
    0x2000022e   0x00000000   Code   RO         2835    .ARM.Collect$$rtentry$$00000000  c_w.l(__rtentry.o)
    0x2000022e   0x00000000   Code   RO         2855    .ARM.Collect$$rtentry$$00000002  c_w.l(__rtentry2.o)
    0x2000022e   0x00000006   Code   RO         2867    .ARM.Collect$$rtentry$$00000004  c_w.l(__rtentry4.o)
    0x20000234   0x00000000   Code   RO         2857    .ARM.Collect$$rtentry$$00000009  c_w.l(__rtentry2.o)
    0x20000234   0x00000004   Code   RO         2858    .ARM.Collect$$rtentry$$0000000A  c_w.l(__rtentry2.o)
    0x20000238   0x00000000   Code   RO         2860    .ARM.Collect$$rtentry$$0000000C  c_w.l(__rtentry2.o)
    0x20000238   0x00000008   Code   RO         2861    .ARM.Collect$$rtentry$$0000000D  c_w.l(__rtentry2.o)
    0x20000240   0x00000002   Code   RO         2978    .ARM.Collect$$rtexit$$00000000  c_w.l(rtexit.o)
    0x20000242   0x00000000   Code   RO         2985    .ARM.Collect$$rtexit$$00000002  c_w.l(rtexit2.o)
    0x20000242   0x00000004   Code   RO         2986    .ARM.Collect$$rtexit$$00000003  c_w.l(rtexit2.o)
    0x20000246   0x00000006   Code   RO         2987    .ARM.Collect$$rtexit$$00000004  c_w.l(rtexit2.o)
    0x2000024c   0x000000be   Code   RO         2702    .emb_text           port.o
    0x2000030a   0x00000002   PAD
    0x2000030c   0x00000040   Code   RO          503    .text               startup_stm32f40_41xxx.o
    0x2000034c   0x00000002   Code   RO         2781    .text               c_w.l(use_no_semi_2.o)
    0x2000034e   0x00000002   PAD
    0x20000350   0x00000018   Code   RO         2785    .text               c_w.l(noretval__2printf.o)
    0x20000368   0x00000052   Code   RO         2789    .text               c_w.l(_printf_str.o)
    0x200003ba   0x00000002   PAD
    0x200003bc   0x00000078   Code   RO         2791    .text               c_w.l(_printf_dec.o)
    0x20000434   0x0000010e   Code   RO         2801    .text               c_w.l(__printf_wp.o)
    0x20000542   0x0000008a   Code   RO         2817    .text               c_w.l(rt_memcpy_v6.o)
    0x200005cc   0x00000010   Code   RO         2821    .text               c_w.l(aeabi_memset.o)
    0x200005dc   0x0000004e   Code   RO         2823    .text               c_w.l(rt_memclr_w.o)
    0x2000062a   0x00000006   Code   RO         2825    .text               c_w.l(heapauxi.o)
    0x20000630   0x00000002   Code   RO         2833    .text               c_w.l(use_no_semi.o)
    0x20000632   0x000000b2   Code   RO         2836    .text               c_w.l(_printf_intcommon.o)
    0x200006e4   0x0000041a   Code   RO         2838    .text               c_w.l(_printf_fp_dec.o)
    0x20000afe   0x0000002c   Code   RO         2840    .text               c_w.l(_printf_char.o)
    0x20000b2a   0x00000002   PAD
    0x20000b2c   0x00000024   Code   RO         2842    .text               c_w.l(_printf_char_file.o)
    0x20000b50   0x00000064   Code   RO         2845    .text               c_w.l(rt_memcpy_w.o)
    0x20000bb4   0x00000044   Code   RO         2847    .text               c_w.l(rt_memclr.o)
    0x20000bf8   0x00000008   Code   RO         2872    .text               c_w.l(rt_locale_intlibspace.o)
    0x20000c00   0x0000008a   Code   RO         2874    .text               c_w.l(lludiv10.o)
    0x20000c8a   0x00000002   PAD
    0x20000c8c   0x00000030   Code   RO         2876    .text               c_w.l(_printf_char_common.o)
    0x20000cbc   0x00000080   Code   RO         2878    .text               c_w.l(_printf_fp_infnan.o)
    0x20000d3c   0x000000dc   Code   RO         2880    .text               c_w.l(bigflt0.o)
    0x20000e18   0x00000008   Code   RO         2905    .text               c_w.l(ferror.o)
    0x20000e20   0x00000008   Code   RO         2916    .text               c_w.l(libspace.o)
    0x20000e28   0x0000004a   Code   RO         2919    .text               c_w.l(sys_stackheap_outer.o)
    0x20000e72   0x00000012   Code   RO         2923    .text               c_w.l(exit.o)
    0x20000e84   0x00000080   Code   RO         2925    .text               c_w.l(strcmpv7m.o)
    0x20000f04   0x0000003e   Code   RO         2883    CL$$btod_d2e        c_w.l(btod.o)
    0x20000f42   0x00000046   Code   RO         2885    CL$$btod_d2e_denorm_low  c_w.l(btod.o)
    0x20000f88   0x00000060   Code   RO         2884    CL$$btod_d2e_norm_op1  c_w.l(btod.o)
    0x20000fe8   0x00000338   Code   RO         2893    CL$$btod_div_common  c_w.l(btod.o)
    0x20001320   0x000000c6   Code   RO         2890    CL$$btod_e2e        c_w.l(btod.o)
    0x200013e6   0x00000028   Code   RO         2887    CL$$btod_ediv       c_w.l(btod.o)
    0x2000140e   0x00000028   Code   RO         2886    CL$$btod_emul       c_w.l(btod.o)
    0x20001436   0x00000244   Code   RO         2892    CL$$btod_mult_common  c_w.l(btod.o)
    0x2000167a   0x00000004   Code   RO          216    i.BusFault_Handler  stm32f4xx_it.o
    0x2000167e   0x00000002   Code   RO          217    i.DebugMon_Handler  stm32f4xx_it.o
    0x20001680   0x000001a8   Code   RO          554    i.GPIO_Init         stm32f4xx_gpio.o
    0x20001828   0x000001a8   Code   RO          555    i.GPIO_PinAFConfig  stm32f4xx_gpio.o
    0x200019d0   0x000000b0   Code   RO          562    i.GPIO_SetBits      stm32f4xx_gpio.o
    0x20001a80   0x00000004   Code   RO          218    i.HardFault_Handler  stm32f4xx_it.o
    0x20001a84   0x00000040   Code   RO            3    i.LED_Init          main.o
    0x20001ac4   0x00000004   Code   RO          219    i.MemManage_Handler  stm32f4xx_it.o
    0x20001ac8   0x00000002   Code   RO          220    i.NMI_Handler       stm32f4xx_it.o
    0x20001aca   0x00000002   PAD
    0x20001acc   0x000000c4   Code   RO          509    i.NVIC_Init         misc.o
    0x20001b90   0x00000054   Code   RO          510    i.NVIC_PriorityGroupConfig  misc.o
    0x20001be4   0x0000006c   Code   RO          651    i.RCC_AHB1PeriphClockCmd  stm32f4xx_rcc.o
    0x20001c50   0x0000006c   Code   RO          660    i.RCC_APB1PeriphClockCmd  stm32f4xx_rcc.o
    0x20001cbc   0x000000e8   Code   RO          672    i.RCC_GetClocksFreq  stm32f4xx_rcc.o
    0x20001da4   0x000000ec   Code   RO          295    i.SetSysClock       system_stm32f4xx.o
    0x20001e90   0x00000054   Code   RO          513    i.SysTick_CLKSourceConfig  misc.o
    0x20001ee4   0x00000010   Code   RO          368    i.SysTick_Handler   delay.o
    0x20001ef4   0x00000068   Code   RO          297    i.SystemInit        system_stm32f4xx.o
    0x20001f5c   0x00000088   Code   RO          447    i.USART2_IRQHandler  usart.o
    0x20001fe4   0x000000a8   Code   RO         1045    i.USART_Cmd         stm32f4xx_usart.o
    0x2000208c   0x00000160   Code   RO         1049    i.USART_GetITStatus  stm32f4xx_usart.o
    0x200021ec   0x0000014c   Code   RO         1051    i.USART_ITConfig    stm32f4xx_usart.o
    0x20002338   0x00000220   Code   RO         1052    i.USART_Init        stm32f4xx_usart.o
    0x20002558   0x00000084   Code   RO         1059    i.USART_ReceiveData  stm32f4xx_usart.o
    0x200025dc   0x00000004   Code   RO          221    i.UsageFault_Handler  stm32f4xx_it.o
    0x200025e0   0x00000030   Code   RO         2914    i.__ARM_fpclassify  m_wm.l(fpclassify.o)
    0x20002610   0x0000000e   Code   RO         2803    i._is_digit         c_w.l(__printf_wp.o)
    0x2000261e   0x00000004   Code   RO          448    i._sys_exit         usart.o
    0x20002622   0x00000002   PAD
    0x20002624   0x0000003c   Code   RO            4    i.assert_failed     main.o
    0x20002660   0x00000044   Code   RO          369    i.delay_init        delay.o
    0x200026a4   0x00000058   Code   RO            5    i.float_task        main.o
    0x200026fc   0x0000001c   Code   RO          449    i.fputc             usart.o
    0x20002718   0x00000020   Code   RO            6    i.led0_task         main.o
    0x20002738   0x00000028   Code   RO            7    i.led1_task         main.o
    0x20002760   0x0000004c   Code   RO            8    i.main              main.o
    0x200027ac   0x00000098   Code   RO         2123    i.prvAddCurrentTaskToDelayedList  tasks.o
    0x20002844   0x000000b8   Code   RO         2124    i.prvAddNewTaskToReadyList  tasks.o
    0x200028fc   0x00000064   Code   RO         2487    i.prvCheckForValidListAndQueue  timers.o
    0x20002960   0x00000048   Code   RO         2125    i.prvCheckTasksWaitingTermination  tasks.o
    0x200029a8   0x0000002a   Code   RO         1711    i.prvCopyDataFromQueue  queue.o
    0x200029d2   0x0000007e   Code   RO         1712    i.prvCopyDataToQueue  queue.o
    0x20002a50   0x00000012   Code   RO         2126    i.prvDeleteTCB      tasks.o
    0x20002a62   0x00000002   PAD
    0x20002a64   0x00000028   Code   RO         2488    i.prvGetNextExpireTime  timers.o
    0x20002a8c   0x0000007c   Code   RO         2647    i.prvHeapInit       heap_4.o
    0x20002b08   0x00000028   Code   RO         2127    i.prvIdleTask       tasks.o
    0x20002b30   0x0000002e   Code   RO         1715    i.prvInitialiseNewQueue  queue.o
    0x20002b5e   0x000000be   Code   RO         2128    i.prvInitialiseNewTask  tasks.o
    0x20002c1c   0x00000068   Code   RO         2129    i.prvInitialiseTaskLists  tasks.o
    0x20002c84   0x00000068   Code   RO         2648    i.prvInsertBlockIntoFreeList  heap_4.o
    0x20002cec   0x00000058   Code   RO         2490    i.prvInsertTimerInActiveList  timers.o
    0x20002d44   0x0000001a   Code   RO         1716    i.prvIsQueueEmpty   queue.o
    0x20002d5e   0x0000001e   Code   RO         1717    i.prvIsQueueFull    queue.o
    0x20002d7c   0x000000ac   Code   RO         1718    i.prvNotifyQueueSetContainer  queue.o
    0x20002e28   0x00000074   Code   RO         2491    i.prvProcessExpiredTimer  timers.o
    0x20002e9c   0x00000138   Code   RO         2492    i.prvProcessReceivedCommands  timers.o
    0x20002fd4   0x00000074   Code   RO         2493    i.prvProcessTimerOrBlockTask  timers.o
    0x20003048   0x00000030   Code   RO         2131    i.prvResetNextTaskUnblockTime  tasks.o
    0x20003078   0x0000002c   Code   RO         2494    i.prvSampleTimeNow  timers.o
    0x200030a4   0x000000a4   Code   RO         2495    i.prvSwitchTimerLists  timers.o
    0x20003148   0x00000040   Code   RO         2703    i.prvTaskExitError  port.o
    0x20003188   0x0000001a   Code   RO         2496    i.prvTimerTask      timers.o
    0x200031a2   0x00000090   Code   RO         1719    i.prvUnlockQueue    queue.o
    0x20003232   0x00000002   PAD
    0x20003234   0x0000016c   Code   RO         2649    i.pvPortMalloc      heap_4.o
    0x200033a0   0x0000002c   Code   RO         2704    i.pxPortInitialiseStack  port.o
    0x200033cc   0x00000094   Code   RO            9    i.start_task        main.o
    0x20003460   0x000000ac   Code   RO          450    i.uart2_init        usart.o
    0x2000350c   0x00000028   Code   RO         1671    i.uxListRemove      list.o
    0x20003534   0x0000001a   Code   RO         1672    i.vListInitialise   list.o
    0x2000354e   0x00000006   Code   RO         1673    i.vListInitialiseItem  list.o
    0x20003554   0x00000034   Code   RO         1674    i.vListInsert       list.o
    0x20003588   0x00000018   Code   RO         1675    i.vListInsertEnd    list.o
    0x200035a0   0x00000054   Code   RO         2706    i.vPortEnterCritical  port.o
    0x200035f4   0x0000003c   Code   RO         2707    i.vPortExitCritical  port.o
    0x20003630   0x000000a4   Code   RO         2650    i.vPortFree         heap_4.o
    0x200036d4   0x00000028   Code   RO         2708    i.vPortSetupTimerInterrupt  port.o
    0x200036fc   0x00000078   Code   RO         2709    i.vPortValidateInterruptPriority  port.o
    0x20003774   0x0000002c   Code   RO         1725    i.vQueueAddToRegistry  queue.o
    0x200037a0   0x0000004a   Code   RO         1729    i.vQueueWaitForMessageRestricted  queue.o
    0x200037ea   0x00000002   PAD
    0x200037ec   0x0000005c   Code   RO         2143    i.vTaskDelay        tasks.o
    0x20003848   0x000000fc   Code   RO         2144    i.vTaskDelete       tasks.o
    0x20003944   0x00000018   Code   RO         2148    i.vTaskInternalSetTimeOutState  tasks.o
    0x2000395c   0x0000000c   Code   RO         2149    i.vTaskMissedYield  tasks.o
    0x20003968   0x00000038   Code   RO         2150    i.vTaskPlaceOnEventList  tasks.o
    0x200039a0   0x00000040   Code   RO         2151    i.vTaskPlaceOnEventListRestricted  tasks.o
    0x200039e0   0x0000009c   Code   RO         2159    i.vTaskStartScheduler  tasks.o
    0x20003a7c   0x00000010   Code   RO         2161    i.vTaskSuspendAll   tasks.o
    0x20003a8c   0x0000008c   Code   RO         2162    i.vTaskSwitchContext  tasks.o
    0x20003b18   0x00000168   Code   RO         2710    i.xPortStartScheduler  port.o
    0x20003c80   0x00000034   Code   RO         2711    i.xPortSysTickHandler  port.o
    0x20003cb4   0x000000a2   Code   RO         1734    i.xQueueGenericCreate  queue.o
    0x20003d56   0x00000002   PAD
    0x20003d58   0x00000098   Code   RO         1735    i.xQueueGenericReset  queue.o
    0x20003df0   0x000001d8   Code   RO         1736    i.xQueueGenericSend  queue.o
    0x20003fc8   0x00000136   Code   RO         1737    i.xQueueGenericSendFromISR  queue.o
    0x200040fe   0x00000002   PAD
    0x20004100   0x00000168   Code   RO         1744    i.xQueueReceive     queue.o
    0x20004268   0x00000090   Code   RO         2164    i.xTaskCheckForTimeOut  tasks.o
    0x200042f8   0x00000060   Code   RO         2165    i.xTaskCreate       tasks.o
    0x20004358   0x00000020   Code   RO         2172    i.xTaskGetSchedulerState  tasks.o
    0x20004378   0x0000000c   Code   RO         2173    i.xTaskGetTickCount  tasks.o
    0x20004384   0x00000148   Code   RO         2175    i.xTaskIncrementTick  tasks.o
    0x200044cc   0x000000bc   Code   RO         2176    i.xTaskPriorityDisinherit  tasks.o
    0x20004588   0x00000098   Code   RO         2178    i.xTaskRemoveFromEventList  tasks.o
    0x20004620   0x00000104   Code   RO         2179    i.xTaskResumeAll    tasks.o
    0x20004724   0x00000058   Code   RO         2504    i.xTimerCreateTimerTask  timers.o
    0x2000477c   0x00000084   Code   RO         2505    i.xTimerGenericCommand  timers.o
    0x20004800   0x0000002c   Code   RO         2910    locale$$code        c_w.l(lc_numeric_c.o)
    0x2000482c   0x0000000c   Code   RO         2849    x$fpl$dretinf       fz_wm.l(dretinf.o)
    0x20004838   0x00000056   Code   RO         2829    x$fpl$f2d           fz_wm.l(f2d.o)
    0x2000488e   0x0000008c   Code   RO         2851    x$fpl$fnaninf       fz_wm.l(fnaninf.o)
    0x2000491a   0x0000000a   Code   RO         2982    x$fpl$fpinit        fz_wm.l(fpinit.o)
    0x20004924   0x00000004   Code   RO         2831    x$fpl$printf1       fz_wm.l(printf1.o)
    0x20004928   0x00000000   Code   RO         2853    x$fpl$usenofp       fz_wm.l(usenofp.o)
    0x20004928   0x00000094   Data   RO         2881    .constdata          c_w.l(bigflt0.o)
    0x200049bc   0x00000020   Data   RO         3053    Region$$Table       anon$$obj.o
    0x200049dc   0x0000001c   Data   RO         2909    locale$$data        c_w.l(lc_numeric_c.o)


    Execution Region RW_IRAM1 (Base: 0x20010000, Size: 0x00005920, Max: 0x00010000, ABSOLUTE)

    Base Addr    Size         Type   Attr      Idx    E Section Name        Object

    0x20010000   0x00000014   Data   RW           10    .data               main.o
    0x20010014   0x00000014   Data   RW          298    .data               system_stm32f4xx.o
    0x20010028   0x00000004   Data   RW          373    .data               delay.o
    0x2001002c   0x00000006   Data   RW          452    .data               usart.o
    0x20010032   0x00000010   Data   RW          704    .data               stm32f4xx_rcc.o
    0x20010042   0x00000002   PAD
    0x20010044   0x00000040   Data   RW         2182    .data               tasks.o
    0x20010084   0x00000014   Data   RW         2511    .data               timers.o
    0x20010098   0x00000020   Data   RW         2656    .data               heap_4.o
    0x200100b8   0x0000000c   Data   RW         2712    .data               port.o
    0x200100c4   0x000000c8   Zero   RW          451    .bss                usart.o
    0x2001018c   0x00000040   Zero   RW         1751    .bss                queue.o
    0x200101cc   0x000000c8   Zero   RW         2181    .bss                tasks.o
    0x20010294   0x00000028   Zero   RW         2510    .bss                timers.o
    0x200102bc   0x00005000   Zero   RW         2655    .bss                heap_4.o
    0x200152bc   0x00000060   Zero   RW         2917    .bss                c_w.l(libspace.o)
    0x2001531c   0x00000004   PAD
    0x20015320   0x00000200   Zero   RW          501    HEAP                startup_stm32f40_41xxx.o
    0x20015520   0x00000400   Zero   RW          500    STACK               startup_stm32f40_41xxx.o


==============================================================================

Image component sizes


      Code (inc. data)   RO Data    RW Data    ZI Data      Debug   Object Name

        84         10          0          4          0       1263   delay.o
         0          0          0          0          0      13616   event_groups.o
       756         74          0         32      20480       4555   heap_4.o
       148          0          0          0          0       3330   list.o
       508        182          0         20          0     279928   main.o
       364         84          0          0          0       2185   misc.o
      1014         92          0         12          0      11709   port.o
      2160         22          0          0         64      17238   queue.o
        64         26        392          0       1536        820   startup_stm32f40_41xxx.o
      1024        216          0          0          0       2722   stm32f4xx_gpio.o
        20          0          0          0          0       2745   stm32f4xx_it.o
       448         94          0         16          0       4094   stm32f4xx_rcc.o
      1528        306          0          0          0       4746   stm32f4xx_usart.o
       340         32          0         20          0       1769   system_stm32f4xx.o
      2832        394          0         64        200      28082   tasks.o
      1226        116          0         20         40      25587   timers.o
       340         28          0          6        200       4257   usart.o

    ----------------------------------------------------------------------
     12872       1676        424        196      22520     408646   Object Totals
         0          0         32          0          0          0   (incl. Generated)
        16          0          0          2          0          0   (incl. Padding)

    ----------------------------------------------------------------------

      Code (inc. data)   RO Data    RW Data    ZI Data      Debug   Library Member Name

         8          0          0          0          0         68   __main.o
       284          0          0          0          0        156   __printf_wp.o
         0          0          0          0          0          0   __rtentry.o
        12          0          0          0          0          0   __rtentry2.o
         6          0          0          0          0          0   __rtentry4.o
        52          8          0          0          0          0   __scatter.o
        26          0          0          0          0          0   __scatter_copy.o
        28          0          0          0          0          0   __scatter_zi.o
        44          0          0          0          0        108   _printf_char.o
        48          6          0          0          0         96   _printf_char_common.o
        36          4          0          0          0         80   _printf_char_file.o
         6          0          0          0          0          0   _printf_d.o
       120         16          0          0          0         92   _printf_dec.o
         6          0          0          0          0          0   _printf_f.o
      1050          0          0          0          0        216   _printf_fp_dec.o
       128         16          0          0          0         84   _printf_fp_infnan.o
       178          0          0          0          0         88   _printf_intcommon.o
         0          0          0          0          0          0   _printf_percent.o
         4          0          0          0          0          0   _printf_percent_end.o
         6          0          0          0          0          0   _printf_s.o
        82          0          0          0          0         80   _printf_str.o
        16          0          0          0          0         68   aeabi_memset.o
       220          4        148          0          0         96   bigflt0.o
      1910        128          0          0          0        672   btod.o
        18          0          0          0          0         80   exit.o
         8          0          0          0          0         68   ferror.o
         6          0          0          0          0        152   heapauxi.o
        44         10         28          0          0         76   lc_numeric_c.o
         2          0          0          0          0          0   libinit.o
        22          0          0          0          0          0   libinit2.o
         2          0          0          0          0          0   libshutdown.o
         2          0          0          0          0          0   libshutdown2.o
         8          4          0          0         96         68   libspace.o
       138          0          0          0          0         80   lludiv10.o
        24          4          0          0          0         84   noretval__2printf.o
         8          4          0          0          0         68   rt_locale_intlibspace.o
        68          0          0          0          0         68   rt_memclr.o
        78          0          0          0          0         80   rt_memclr_w.o
       138          0          0          0          0         68   rt_memcpy_v6.o
       100          0          0          0          0         80   rt_memcpy_w.o
         2          0          0          0          0          0   rtexit.o
        10          0          0          0          0          0   rtexit2.o
       128          0          0          0          0         68   strcmpv7m.o
        74          0          0          0          0         80   sys_stackheap_outer.o
         2          0          0          0          0         68   use_no_semi.o
         2          0          0          0          0         68   use_no_semi_2.o
        12          0          0          0          0        116   dretinf.o
        86          4          0          0          0        132   f2d.o
       140          4          0          0          0        132   fnaninf.o
        10          0          0          0          0        116   fpinit.o
         4          0          0          0          0        116   printf1.o
         0          0          0          0          0          0   usenofp.o
        48          0          0          0          0        124   fpclassify.o

    ----------------------------------------------------------------------
      5464        212        176          0        100       3896   Library Totals
        10          0          0          0          4          0   (incl. Padding)

    ----------------------------------------------------------------------

      Code (inc. data)   RO Data    RW Data    ZI Data      Debug   Library Name

      5154        204        176          0         96       3160   c_w.l
       252          8          0          0          0        612   fz_wm.l
        48          0          0          0          0        124   m_wm.l

    ----------------------------------------------------------------------
      5464        212        176          0        100       3896   Library Totals

    ----------------------------------------------------------------------

==============================================================================


      Code (inc. data)   RO Data    RW Data    ZI Data      Debug   

     18336       1888        600        196      22620     400574   Grand Totals
     18336       1888        600        196      22620     400574   ELF Image Totals
     18336       1888        600        196          0          0   ROM Totals

==============================================================================

    Total RO  Size (Code + RO Data)                18936 (  18.49kB)
    Total RW  Size (RW Data + ZI Data)             22816 (  22.28kB)
    Total ROM Size (Code + RO Data + RW Data)      19132 (  18.68kB)

==============================================================================

